Component: ARM Compiler 5.06 update 4 (build 422) Tool: armlink [4d35d2]

==============================================================================

Section Cross References

    kalman.o(i.jacobianAph1) refers to fdiv.o(.text) for __aeabi_fdiv
    kalman.o(i.jacobianAph1) refers to fmul.o(x$fpl$fmul) for __aeabi_fmul
    kalman.o(i.jacobianAph1) refers to faddsub.o(x$fpl$fsub) for __aeabi_fsub
    kalman.o(i.jacobianAph1) refers to arm_mat_trans_f32.o(.text) for arm_mat_trans_f32
    kalman.o(i.jacobianAph1) refers to kalman.o(.data) for sampleTime
    kalman.o(i.jacobianHph1) refers to fmul.o(x$fpl$fmul) for __aeabi_fmul
    kalman.o(i.jacobianHph1) refers to faddsub.o(x$fpl$fsub) for __aeabi_fsub
    kalman.o(i.jacobianHph1) refers to faddsub.o(x$fpl$fadd) for __aeabi_fadd
    kalman.o(i.jacobianHph1) refers to arm_mat_trans_f32.o(.text) for arm_mat_trans_f32
    kalman.o(i.jacobianHph1) refers to kalman.o(.data) for H_k
    kalman.o(i.kalmanF) refers to fmul.o(x$fpl$fmul) for __aeabi_fmul
    kalman.o(i.kalmanF) refers to faddsub.o(x$fpl$fsub) for __aeabi_fsub
    kalman.o(i.kalmanF) refers to fdiv.o(.text) for __aeabi_fdiv
    kalman.o(i.kalmanF) refers to faddsub.o(x$fpl$fadd) for __aeabi_fadd
    kalman.o(i.kalmanF) refers to kalman.o(.data) for sampleTime
    kalman.o(i.kalmanInit) refers to arm_mat_init_f32.o(.text) for arm_mat_init_f32
    kalman.o(i.kalmanInit) refers to arm_mat_trans_f32.o(.text) for arm_mat_trans_f32
    kalman.o(i.kalmanInit) refers to kalman.o(i.kalmanInitializeStateVec) for kalmanInitializeStateVec
    kalman.o(i.kalmanInit) refers to kalman.o(.bss) for X_k_data
    kalman.o(i.kalmanInit) refers to kalman.o(.data) for X_k
    kalman.o(i.kalmanInitializeStateVec) refers to kalman.o(i.kalmanGetSensors) for kalmanGetSensors
    kalman.o(i.kalmanInitializeStateVec) refers to fmul.o(x$fpl$fmul) for __aeabi_fmul
    kalman.o(i.kalmanInitializeStateVec) refers to faddsub.o(x$fpl$fadd) for __aeabi_fadd
    kalman.o(i.kalmanInitializeStateVec) refers to frlef.o(x$fpl$frleqf) for __aeabi_cfrcmple
    kalman.o(i.kalmanInitializeStateVec) refers to sqrtf.o(i.sqrtf) for sqrtf
    kalman.o(i.kalmanInitializeStateVec) refers to fdiv.o(.text) for __aeabi_fdiv
    kalman.o(i.kalmanInitializeStateVec) refers to kalman.o(.data) for Z_k
    kalman.o(i.kalmanInv) refers to fmul.o(x$fpl$fmul) for __aeabi_fmul
    kalman.o(i.kalmanInv) refers to faddsub.o(x$fpl$fsub) for __aeabi_fsub
    kalman.o(i.kalmanInv) refers to faddsub.o(x$fpl$frsb) for __aeabi_frsub
    kalman.o(i.kalmanInv) refers to faddsub.o(x$fpl$fadd) for __aeabi_fadd
    kalman.o(i.kalmanInv) refers to fdiv.o(.text) for __aeabi_fdiv
    kalman.o(i.kalmanInv) refers to kalman.o(.data) for Z_k
    kalman.o(i.kalmanStep) refers to kalman.o(i.kalmanF) for kalmanF
    kalman.o(i.kalmanStep) refers to kalman.o(i.jacobianAph1) for jacobianAph1
    kalman.o(i.kalmanStep) refers to arm_mat_mult_f32.o(.text) for arm_mat_mult_f32
    kalman.o(i.kalmanStep) refers to arm_mat_add_f32.o(.text) for arm_mat_add_f32
    kalman.o(i.kalmanStep) refers to kalman.o(i.jacobianHph1) for jacobianHph1
    kalman.o(i.kalmanStep) refers to arm_mat_inverse_f32.o(.text) for arm_mat_inverse_f32
    kalman.o(i.kalmanStep) refers to kalman.o(i.kalmanGetSensors) for kalmanGetSensors
    kalman.o(i.kalmanStep) refers to kalman.o(i.kalmanInv) for kalmanInv
    kalman.o(i.kalmanStep) refers to arm_mat_sub_f32.o(.text) for arm_mat_sub_f32
    kalman.o(i.kalmanStep) refers to kalman.o(.data) for X_k
    main.o(i.main) refers to main.o(i.uart_gpio_init) for uart_gpio_init
    main.o(i.main) refers to kalman.o(i.kalmanInit) for kalmanInit
    main.o(i.main) refers to serial_com.o(i.recVec) for recVec
    main.o(i.main) refers to kalman.o(i.kalmanStep) for kalmanStep
    main.o(i.main) refers to serial_com.o(i.sendVec) for sendVec
    main.o(i.main) refers to kalman.o(.data) for Z_k
    main.o(i.uart_gpio_init) refers to uart.o(i.uart_init) for uart_init
    uart.o(i.fgetc) refers to uart.o(i.getkey) for getkey
    uart.o(i.fputc) refers to uart.o(i.uart_putchar) for uart_putchar
    uart.o(i.getkey) refers to uart.o(i.uart_getchar) for uart_getchar
    uart.o(i.uart_init) refers to aeabi_sdivfast.o(.text) for __aeabi_idivmod
    serial_com.o(i.recVec) refers to uart.o(i.uart_getchar) for uart_getchar
    serial_com.o(i.recVec) refers to serial_com.o(i.reshapeParts) for reshapeParts
    serial_com.o(i.reshapeParts) refers to serial_com.o(.data) for f2c
    serial_com.o(i.sendInParts) refers to uart.o(i.uart_putchar) for uart_putchar
    serial_com.o(i.sendInParts) refers to serial_com.o(.data) for f2c
    serial_com.o(i.sendVec) refers to serial_com.o(i.sendInParts) for sendInParts
    startup_mkl25z4.o(STACK) refers (Special) to heapauxi.o(.text) for __use_two_region_memory
    startup_mkl25z4.o(HEAP) refers (Special) to heapauxi.o(.text) for __use_two_region_memory
    startup_mkl25z4.o(RESET) refers (Special) to heapauxi.o(.text) for __use_two_region_memory
    startup_mkl25z4.o(RESET) refers to startup_mkl25z4.o(STACK) for __initial_sp
    startup_mkl25z4.o(RESET) refers to startup_mkl25z4.o(.text) for Reset_Handler
    startup_mkl25z4.o(.ARM.__at_0x400) refers (Special) to heapauxi.o(.text) for __use_two_region_memory
    startup_mkl25z4.o(.text) refers (Special) to heapauxi.o(.text) for __use_two_region_memory
    startup_mkl25z4.o(.text) refers to system_mkl25z4.o(i.SystemInit) for SystemInit
    startup_mkl25z4.o(.text) refers to __main.o(!!!main) for __main
    startup_mkl25z4.o(.text) refers to startup_mkl25z4.o(HEAP) for Heap_Mem
    startup_mkl25z4.o(.text) refers to startup_mkl25z4.o(STACK) for Stack_Mem
    system_mkl25z4.o(i.SystemCoreClockUpdate) refers to aeabi_sdivfast.o(.text) for __aeabi_uidivmod
    system_mkl25z4.o(i.SystemCoreClockUpdate) refers to system_mkl25z4.o(i.__ARM_common_switch8) for __ARM_common_switch8
    system_mkl25z4.o(i.SystemCoreClockUpdate) refers to system_mkl25z4.o(.data) for SystemCoreClock
    arm_mat_add_f32.o(.text) refers to faddsub.o(x$fpl$fadd) for __aeabi_fadd
    arm_mat_inverse_f32.o(.text) refers to fdiv.o(.text) for __aeabi_fdiv
    arm_mat_inverse_f32.o(.text) refers to fmul.o(x$fpl$fmul) for __aeabi_fmul
    arm_mat_inverse_f32.o(.text) refers to faddsub.o(x$fpl$frsb) for __aeabi_frsub
    arm_mat_mult_f32.o(.text) refers to fmul.o(x$fpl$fmul) for __aeabi_fmul
    arm_mat_mult_f32.o(.text) refers to faddsub.o(x$fpl$fadd) for __aeabi_fadd
    arm_mat_sub_f32.o(.text) refers to faddsub.o(x$fpl$fsub) for __aeabi_fsub
    __main.o(!!!main) refers to __rtentry.o(.ARM.Collect$$rtentry$$00000000) for __rt_entry
    faddsub.o(x$fpl$fadd) refers (Special) to usenofp.o(x$fpl$usenofp) for __I$use$fp
    faddsub.o(x$fpl$fadd) refers to faddsub.o(x$fpl$fsub) for _fsub1
    faddsub.o(x$fpl$frsb) refers (Special) to usenofp.o(x$fpl$usenofp) for __I$use$fp
    faddsub.o(x$fpl$frsb) refers to faddsub.o(x$fpl$fsub) for _fsub1
    faddsub.o(x$fpl$frsb) refers to faddsub.o(x$fpl$fadd) for _fadd1
    faddsub.o(x$fpl$fsub) refers (Special) to usenofp.o(x$fpl$usenofp) for __I$use$fp
    faddsub.o(x$fpl$fsub) refers to faddsub.o(x$fpl$fadd) for _fadd1
    fdiv.o(.text) refers (Special) to usenofp.o(x$fpl$usenofp) for __I$use$fp
    fdiv.o(.text) refers to fdiv.o(.constdata) for .constdata
    fdiv.o(.constdata) refers (Special) to usenofp.o(x$fpl$usenofp) for __I$use$fp
    fmul.o(x$fpl$fmul) refers (Special) to usenofp.o(x$fpl$usenofp) for __I$use$fp
    frlef.o(x$fpl$frleqf) refers (Special) to usenofp.o(x$fpl$usenofp) for __I$use$fp
    frlef.o(x$fpl$frleqf) refers to fcmpin.o(.text) for __fpl_fcmp_InfNaN
    sqrtf.o(i.__softfp_sqrtf) refers (Special) to usenofp.o(x$fpl$usenofp) for __I$use$fp
    sqrtf.o(i.__softfp_sqrtf) refers to fsqrt.o(.text) for _fsqrt
    sqrtf.o(i.__softfp_sqrtf) refers to _rserrno.o(.text) for __set_errno
    sqrtf.o(i.sqrtf) refers (Special) to usenofp.o(x$fpl$usenofp) for __I$use$fp
    sqrtf.o(i.sqrtf) refers to fsqrt.o(.text) for _fsqrt
    sqrtf.o(i.sqrtf) refers to _rserrno.o(.text) for __set_errno
    sqrtf_x.o(i.____softfp_sqrtf$lsc) refers (Special) to usenofp.o(x$fpl$usenofp) for __I$use$fp
    sqrtf_x.o(i.____softfp_sqrtf$lsc) refers to _rserrno.o(.text) for __set_errno
    sqrtf_x.o(i.____softfp_sqrtf$lsc) refers to fsqrt.o(.text) for _fsqrt
    sqrtf_x.o(i.__sqrtf$lsc) refers (Special) to usenofp.o(x$fpl$usenofp) for __I$use$fp
    sqrtf_x.o(i.__sqrtf$lsc) refers to _rserrno.o(.text) for __set_errno
    sqrtf_x.o(i.__sqrtf$lsc) refers to fsqrt.o(.text) for _fsqrt
    __rtentry.o(.ARM.Collect$$rtentry$$00000000) refers (Special) to __rtentry2.o(.ARM.Collect$$rtentry$$0000000A) for __rt_entry_li
    __rtentry.o(.ARM.Collect$$rtentry$$00000000) refers (Special) to __rtentry2.o(.ARM.Collect$$rtentry$$0000000D) for __rt_entry_main
    __rtentry.o(.ARM.Collect$$rtentry$$00000000) refers (Special) to __rtentry2.o(.ARM.Collect$$rtentry$$0000000C) for __rt_entry_postli_1
    __rtentry.o(.ARM.Collect$$rtentry$$00000000) refers (Special) to __rtentry2.o(.ARM.Collect$$rtentry$$00000009) for __rt_entry_postsh_1
    __rtentry.o(.ARM.Collect$$rtentry$$00000000) refers (Special) to __rtentry2.o(.ARM.Collect$$rtentry$$00000002) for __rt_entry_presh_1
    __rtentry.o(.ARM.Collect$$rtentry$$00000000) refers (Special) to __rtentry4.o(.ARM.Collect$$rtentry$$00000004) for __rt_entry_sh
    aeabi_idiv0_sigfpe.o(.text) refers to rt_div0.o(.text) for __rt_div0
    _rserrno.o(.text) refers to rt_errno_addr_intlibspace.o(.text) for __aeabi_errno_addr
    fcmpin.o(.text) refers (Special) to usenofp.o(x$fpl$usenofp) for __I$use$fp
    fcmpin.o(.text) refers to cmpret.o(.text) for __fpl_cmpreturn
    fcmpin.o(.text) refers to fnan2.o(.text) for __fpl_fcheck_NaN2
    fsqrt.o(.text) refers (Special) to usenofp.o(x$fpl$usenofp) for __I$use$fp
    __rtentry2.o(.ARM.Collect$$rtentry$$00000008) refers to boardinit2.o(.text) for _platform_post_stackheap_init
    __rtentry2.o(.ARM.Collect$$rtentry$$0000000A) refers to libinit.o(.ARM.Collect$$libinit$$00000000) for __rt_lib_init
    __rtentry2.o(.ARM.Collect$$rtentry$$0000000B) refers to boardinit3.o(.text) for _platform_post_lib_init
    __rtentry2.o(.ARM.Collect$$rtentry$$0000000D) refers to main.o(i.main) for main
    __rtentry2.o(.ARM.Collect$$rtentry$$0000000D) refers to exit.o(.text) for exit
    __rtentry2.o(.ARM.exidx) refers to __rtentry2.o(.ARM.Collect$$rtentry$$00000001) for .ARM.Collect$$rtentry$$00000001
    __rtentry2.o(.ARM.exidx) refers to __rtentry2.o(.ARM.Collect$$rtentry$$00000008) for .ARM.Collect$$rtentry$$00000008
    __rtentry2.o(.ARM.exidx) refers to __rtentry2.o(.ARM.Collect$$rtentry$$0000000A) for .ARM.Collect$$rtentry$$0000000A
    __rtentry2.o(.ARM.exidx) refers to __rtentry2.o(.ARM.Collect$$rtentry$$0000000B) for .ARM.Collect$$rtentry$$0000000B
    __rtentry2.o(.ARM.exidx) refers to __rtentry2.o(.ARM.Collect$$rtentry$$0000000D) for .ARM.Collect$$rtentry$$0000000D
    __rtentry4.o(.ARM.Collect$$rtentry$$00000004) refers to sys_stackheap_outer.o(.text) for __user_setup_stackheap
    __rtentry4.o(.ARM.exidx) refers to __rtentry4.o(.ARM.Collect$$rtentry$$00000004) for .ARM.Collect$$rtentry$$00000004
    rt_div0.o(.text) refers to defsig_fpe_outer.o(.text) for __rt_SIGFPE
    rt_errno_addr.o(.text) refers to rt_errno_addr.o(.bss) for __aeabi_errno_addr_data
    rt_errno_addr_intlibspace.o(.text) refers to libspace.o(.bss) for __libspace_start
    cmpret.o(.text) refers (Special) to usenofp.o(x$fpl$usenofp) for __I$use$fp
    fnan2.o(.text) refers (Special) to usenofp.o(x$fpl$usenofp) for __I$use$fp
    fnan2.o(.text) refers to retnan.o(.text) for __fpl_return_NaN
    libspace.o(.text) refers to libspace.o(.bss) for __libspace_start
    sys_stackheap_outer.o(.text) refers to libspace.o(.text) for __user_perproc_libspace
    sys_stackheap_outer.o(.text) refers to startup_mkl25z4.o(.text) for __user_initial_stackheap
    sys_stackheap_outer.o(__vectab_stack_and_reset_area) refers to tempstk.o(.text) for __temporary_stack_top
    sys_stackheap_outer.o(__vectab_stack_and_reset_area) refers to __main.o(!!!main) for __main
    exit.o(.text) refers to rtexit.o(.ARM.Collect$$rtexit$$00000000) for __rt_exit
    defsig_fpe_outer.o(.text) refers to defsig_fpe_inner.o(.text) for __rt_SIGFPE_inner
    defsig_fpe_outer.o(.text) refers to defsig_exit.o(.text) for __sig_exit
    defsig_fpe_formal.o(.text) refers to rt_raise.o(.text) for __rt_raise
    libinit.o(.ARM.Collect$$libinit$$00000000) refers (Special) to libinit2.o(.ARM.Collect$$libinit$$0000002E) for __rt_lib_init_alloca_1
    libinit.o(.ARM.Collect$$libinit$$00000000) refers (Special) to libinit2.o(.ARM.Collect$$libinit$$0000002C) for __rt_lib_init_argv_1
    libinit.o(.ARM.Collect$$libinit$$00000000) refers (Special) to libinit2.o(.ARM.Collect$$libinit$$0000001B) for __rt_lib_init_atexit_1
    libinit.o(.ARM.Collect$$libinit$$00000000) refers (Special) to libinit2.o(.ARM.Collect$$libinit$$00000021) for __rt_lib_init_clock_1
    libinit.o(.ARM.Collect$$libinit$$00000000) refers (Special) to libinit2.o(.ARM.Collect$$libinit$$00000032) for __rt_lib_init_cpp_1
    libinit.o(.ARM.Collect$$libinit$$00000000) refers (Special) to libinit2.o(.ARM.Collect$$libinit$$00000030) for __rt_lib_init_exceptions_1
    libinit.o(.ARM.Collect$$libinit$$00000000) refers (Special) to libinit2.o(.ARM.Collect$$libinit$$00000002) for __rt_lib_init_fp_1
    libinit.o(.ARM.Collect$$libinit$$00000000) refers (Special) to libinit2.o(.ARM.Collect$$libinit$$0000001F) for __rt_lib_init_fp_trap_1
    libinit.o(.ARM.Collect$$libinit$$00000000) refers (Special) to libinit2.o(.ARM.Collect$$libinit$$00000023) for __rt_lib_init_getenv_1
    libinit.o(.ARM.Collect$$libinit$$00000000) refers (Special) to libinit2.o(.ARM.Collect$$libinit$$0000000A) for __rt_lib_init_heap_1
    libinit.o(.ARM.Collect$$libinit$$00000000) refers (Special) to libinit2.o(.ARM.Collect$$libinit$$00000011) for __rt_lib_init_lc_collate_1
    libinit.o(.ARM.Collect$$libinit$$00000000) refers (Special) to libinit2.o(.ARM.Collect$$libinit$$00000013) for __rt_lib_init_lc_ctype_1
    libinit.o(.ARM.Collect$$libinit$$00000000) refers (Special) to libinit2.o(.ARM.Collect$$libinit$$00000015) for __rt_lib_init_lc_monetary_1
    libinit.o(.ARM.Collect$$libinit$$00000000) refers (Special) to libinit2.o(.ARM.Collect$$libinit$$00000017) for __rt_lib_init_lc_numeric_1
    libinit.o(.ARM.Collect$$libinit$$00000000) refers (Special) to libinit2.o(.ARM.Collect$$libinit$$00000019) for __rt_lib_init_lc_time_1
    libinit.o(.ARM.Collect$$libinit$$00000000) refers (Special) to libinit2.o(.ARM.Collect$$libinit$$00000004) for __rt_lib_init_preinit_1
    libinit.o(.ARM.Collect$$libinit$$00000000) refers (Special) to libinit2.o(.ARM.Collect$$libinit$$0000000E) for __rt_lib_init_rand_1
    libinit.o(.ARM.Collect$$libinit$$00000000) refers (Special) to libinit2.o(.ARM.Collect$$libinit$$00000033) for __rt_lib_init_return
    libinit.o(.ARM.Collect$$libinit$$00000000) refers (Special) to libinit2.o(.ARM.Collect$$libinit$$0000001D) for __rt_lib_init_signal_1
    libinit.o(.ARM.Collect$$libinit$$00000000) refers (Special) to libinit2.o(.ARM.Collect$$libinit$$00000025) for __rt_lib_init_stdio_1
    libinit.o(.ARM.Collect$$libinit$$00000000) refers (Special) to libinit2.o(.ARM.Collect$$libinit$$0000000C) for __rt_lib_init_user_alloc_1
    retnan.o(.text) refers (Special) to usenofp.o(x$fpl$usenofp) for __I$use$fp
    retnan.o(.text) refers to cmpret.o(.text) for __fpl_cmpreturn
    rtexit.o(.ARM.Collect$$rtexit$$00000000) refers (Special) to rtexit2.o(.ARM.Collect$$rtexit$$00000004) for __rt_exit_exit
    rtexit.o(.ARM.Collect$$rtexit$$00000000) refers (Special) to rtexit2.o(.ARM.Collect$$rtexit$$00000003) for __rt_exit_ls
    rtexit.o(.ARM.Collect$$rtexit$$00000000) refers (Special) to rtexit2.o(.ARM.Collect$$rtexit$$00000002) for __rt_exit_prels_1
    rtexit.o(.ARM.exidx) refers (Special) to rtexit2.o(.ARM.Collect$$rtexit$$00000004) for __rt_exit_exit
    rtexit.o(.ARM.exidx) refers (Special) to rtexit2.o(.ARM.Collect$$rtexit$$00000003) for __rt_exit_ls
    rtexit.o(.ARM.exidx) refers (Special) to rtexit2.o(.ARM.Collect$$rtexit$$00000002) for __rt_exit_prels_1
    rtexit.o(.ARM.exidx) refers to rtexit.o(.ARM.Collect$$rtexit$$00000000) for .ARM.Collect$$rtexit$$00000000
    rt_raise.o(.text) refers to __raise.o(.text) for __raise
    rt_raise.o(.text) refers to sys_exit.o(.text) for _sys_exit
    defsig_exit.o(.text) refers to sys_exit.o(.text) for _sys_exit
    defsig_fpe_inner.o(.text) refers to defsig_general.o(.text) for __default_signal_display
    libinit2.o(.ARM.Collect$$libinit$$00000010) refers to libinit2.o(.ARM.Collect$$libinit$$0000000F) for .ARM.Collect$$libinit$$0000000F
    libinit2.o(.ARM.Collect$$libinit$$00000012) refers to libinit2.o(.ARM.Collect$$libinit$$0000000F) for .ARM.Collect$$libinit$$0000000F
    libinit2.o(.ARM.Collect$$libinit$$00000014) refers to libinit2.o(.ARM.Collect$$libinit$$0000000F) for .ARM.Collect$$libinit$$0000000F
    libinit2.o(.ARM.Collect$$libinit$$00000016) refers to libinit2.o(.ARM.Collect$$libinit$$0000000F) for .ARM.Collect$$libinit$$0000000F
    libinit2.o(.ARM.Collect$$libinit$$00000018) refers to libinit2.o(.ARM.Collect$$libinit$$0000000F) for .ARM.Collect$$libinit$$0000000F
    libinit2.o(.ARM.Collect$$libinit$$00000026) refers to argv_veneer.o(.text) for __ARM_argv_veneer
    libinit2.o(.ARM.Collect$$libinit$$00000027) refers to argv_veneer.o(.text) for __ARM_argv_veneer
    sys_exit.o(.text) refers (Special) to use_no_semi.o(.text) for __I$use$semihosting
    sys_exit.o(.text) refers (Special) to indicate_semi.o(.text) for __semihosting_library_function
    rtexit2.o(.ARM.Collect$$rtexit$$00000003) refers to libshutdown.o(.ARM.Collect$$libshutdown$$00000000) for __rt_lib_shutdown
    rtexit2.o(.ARM.Collect$$rtexit$$00000004) refers to sys_exit.o(.text) for _sys_exit
    rtexit2.o(.ARM.exidx) refers to rtexit2.o(.ARM.Collect$$rtexit$$00000001) for .ARM.Collect$$rtexit$$00000001
    rtexit2.o(.ARM.exidx) refers to rtexit2.o(.ARM.Collect$$rtexit$$00000003) for .ARM.Collect$$rtexit$$00000003
    rtexit2.o(.ARM.exidx) refers to rtexit2.o(.ARM.Collect$$rtexit$$00000004) for .ARM.Collect$$rtexit$$00000004
    __raise.o(.text) refers to defsig.o(CL$$defsig) for __default_signal_handler
    defsig_general.o(.text) refers to sys_wrch.o(.text) for _ttywrch
    sys_wrch.o(.text) refers (Special) to use_no_semi.o(.text) for __I$use$semihosting
    sys_wrch.o(.text) refers (Special) to indicate_semi.o(.text) for __semihosting_library_function
    defsig.o(CL$$defsig) refers to defsig_fpe_inner.o(.text) for __rt_SIGFPE_inner
    defsig.o(CL$$defsig) refers to defsig_rtmem_inner.o(.text) for __rt_SIGRTMEM_inner
    _get_argv_nomalloc.o(.text) refers (Special) to hrguard.o(.text) for __heap_region$guard
    _get_argv_nomalloc.o(.text) refers to defsig_rtmem_outer.o(.text) for __rt_SIGRTMEM
    _get_argv_nomalloc.o(.text) refers to sys_command.o(.text) for _sys_command_string
    libshutdown.o(.ARM.Collect$$libshutdown$$00000000) refers (Special) to libshutdown2.o(.ARM.Collect$$libshutdown$$00000002) for __rt_lib_shutdown_cpp_1
    libshutdown.o(.ARM.Collect$$libshutdown$$00000000) refers (Special) to libshutdown2.o(.ARM.Collect$$libshutdown$$00000007) for __rt_lib_shutdown_fp_trap_1
    libshutdown.o(.ARM.Collect$$libshutdown$$00000000) refers (Special) to libshutdown2.o(.ARM.Collect$$libshutdown$$0000000F) for __rt_lib_shutdown_heap_1
    libshutdown.o(.ARM.Collect$$libshutdown$$00000000) refers (Special) to libshutdown2.o(.ARM.Collect$$libshutdown$$00000010) for __rt_lib_shutdown_return
    libshutdown.o(.ARM.Collect$$libshutdown$$00000000) refers (Special) to libshutdown2.o(.ARM.Collect$$libshutdown$$0000000A) for __rt_lib_shutdown_signal_1
    libshutdown.o(.ARM.Collect$$libshutdown$$00000000) refers (Special) to libshutdown2.o(.ARM.Collect$$libshutdown$$00000004) for __rt_lib_shutdown_stdio_1
    libshutdown.o(.ARM.Collect$$libshutdown$$00000000) refers (Special) to libshutdown2.o(.ARM.Collect$$libshutdown$$0000000C) for __rt_lib_shutdown_user_alloc_1
    sys_command.o(.text) refers (Special) to use_no_semi.o(.text) for __I$use$semihosting
    sys_command.o(.text) refers (Special) to indicate_semi.o(.text) for __semihosting_library_function
    defsig_abrt_inner.o(.text) refers to defsig_general.o(.text) for __default_signal_display
    defsig_rtred_inner.o(.text) refers to defsig_general.o(.text) for __default_signal_display
    defsig_rtmem_inner.o(.text) refers to defsig_general.o(.text) for __default_signal_display
    defsig_rtmem_outer.o(.text) refers to defsig_rtmem_inner.o(.text) for __rt_SIGRTMEM_inner
    defsig_rtmem_outer.o(.text) refers to defsig_exit.o(.text) for __sig_exit
    defsig_rtmem_formal.o(.text) refers to rt_raise.o(.text) for __rt_raise
    defsig_stak_inner.o(.text) refers to defsig_general.o(.text) for __default_signal_display
    defsig_pvfn_inner.o(.text) refers to defsig_general.o(.text) for __default_signal_display
    defsig_cppl_inner.o(.text) refers to defsig_general.o(.text) for __default_signal_display
    defsig_segv_inner.o(.text) refers to defsig_general.o(.text) for __default_signal_display
    defsig_other.o(.text) refers to defsig_general.o(.text) for __default_signal_display


==============================================================================

Removing Unused input sections from the image.

    Removing kalman.o(.rev16_text), (4 bytes).
    Removing kalman.o(.revsh_text), (4 bytes).
    Removing main.o(.rev16_text), (4 bytes).
    Removing main.o(.revsh_text), (4 bytes).
    Removing uart.o(.rev16_text), (4 bytes).
    Removing uart.o(.revsh_text), (4 bytes).
    Removing uart.o(i.fgetc), (10 bytes).
    Removing uart.o(i.fputc), (20 bytes).
    Removing uart.o(i.getkey), (16 bytes).
    Removing uart.o(i.uart_disable_recieve_interrupt), (10 bytes).
    Removing uart.o(i.uart_enable_disable_interrupt), (10 bytes).
    Removing uart.o(i.uart_enable_recieve_interrupt), (10 bytes).
    Removing uart.o(i.uart_enable_transmit_interrupt), (10 bytes).
    Removing uart.o(.data), (8 bytes).
    Removing serial_com.o(.rev16_text), (4 bytes).
    Removing serial_com.o(.revsh_text), (4 bytes).
    Removing system_mkl25z4.o(.rev16_text), (4 bytes).
    Removing system_mkl25z4.o(.revsh_text), (4 bytes).
    Removing system_mkl25z4.o(i.SystemCoreClockUpdate), (400 bytes).
    Removing system_mkl25z4.o(.data), (4 bytes).
    Removing arm_mat_add_f32.o(.rev16_text), (4 bytes).
    Removing arm_mat_add_f32.o(.revsh_text), (4 bytes).
    Removing arm_mat_init_f32.o(.rev16_text), (4 bytes).
    Removing arm_mat_init_f32.o(.revsh_text), (4 bytes).
    Removing arm_mat_inverse_f32.o(.rev16_text), (4 bytes).
    Removing arm_mat_inverse_f32.o(.revsh_text), (4 bytes).
    Removing arm_mat_mult_f32.o(.rev16_text), (4 bytes).
    Removing arm_mat_mult_f32.o(.revsh_text), (4 bytes).
    Removing arm_mat_sub_f32.o(.rev16_text), (4 bytes).
    Removing arm_mat_sub_f32.o(.revsh_text), (4 bytes).
    Removing arm_mat_trans_f32.o(.rev16_text), (4 bytes).
    Removing arm_mat_trans_f32.o(.revsh_text), (4 bytes).
    Removing system_mkl25z4.o(i.__ARM_common_switch8), (28 bytes).

33 unused section(s) (total 614 bytes) removed from the image.

==============================================================================

Image Symbol Table

    Local Symbols

    Symbol Name                              Value     Ov Type        Size  Object(Section)

    RESET                                    0x00000000   Section      192  startup_mkl25z4.o(RESET)
    ../clib/../cmprslib/zerorunl2.c          0x00000000   Number         0  __dczerorl2.o ABSOLUTE
    ../clib/angel/boardlib.s                 0x00000000   Number         0  boardinit1.o ABSOLUTE
    ../clib/angel/boardlib.s                 0x00000000   Number         0  boardinit2.o ABSOLUTE
    ../clib/angel/boardlib.s                 0x00000000   Number         0  boardinit3.o ABSOLUTE
    ../clib/angel/boardlib.s                 0x00000000   Number         0  boardshut.o ABSOLUTE
    ../clib/angel/handlers.s                 0x00000000   Number         0  __scatter_zi.o ABSOLUTE
    ../clib/angel/kernel.s                   0x00000000   Number         0  rtexit2.o ABSOLUTE
    ../clib/angel/kernel.s                   0x00000000   Number         0  __rtentry.o ABSOLUTE
    ../clib/angel/kernel.s                   0x00000000   Number         0  rtexit.o ABSOLUTE
    ../clib/angel/kernel.s                   0x00000000   Number         0  __rtentry2.o ABSOLUTE
    ../clib/angel/kernel.s                   0x00000000   Number         0  __rtentry4.o ABSOLUTE
    ../clib/angel/rt.s                       0x00000000   Number         0  rt_div0.o ABSOLUTE
    ../clib/angel/rt.s                       0x00000000   Number         0  rt_raise.o ABSOLUTE
    ../clib/angel/rt.s                       0x00000000   Number         0  aeabi_idiv0_sigfpe.o ABSOLUTE
    ../clib/angel/rt.s                       0x00000000   Number         0  aeabi_idiv0.o ABSOLUTE
    ../clib/angel/rt.s                       0x00000000   Number         0  rt_errno_addr_intlibspace.o ABSOLUTE
    ../clib/angel/rt.s                       0x00000000   Number         0  rt_errno_addr.o ABSOLUTE
    ../clib/angel/scatterp.s                 0x00000000   Number         0  __scatter.o ABSOLUTE
    ../clib/angel/startup.s                  0x00000000   Number         0  __main.o ABSOLUTE
    ../clib/angel/sys.s                      0x00000000   Number         0  sys_stackheap_outer.o ABSOLUTE
    ../clib/angel/sys.s                      0x00000000   Number         0  libspace.o ABSOLUTE
    ../clib/angel/sys.s                      0x00000000   Number         0  indicate_semi.o ABSOLUTE
    ../clib/angel/sys.s                      0x00000000   Number         0  use_no_semi.o ABSOLUTE
    ../clib/angel/sys.s                      0x00000000   Number         0  tempstk.o ABSOLUTE
    ../clib/angel/sysapp.c                   0x00000000   Number         0  sys_wrch.o ABSOLUTE
    ../clib/angel/sysapp.c                   0x00000000   Number         0  sys_exit.o ABSOLUTE
    ../clib/angel/sysapp.c                   0x00000000   Number         0  sys_command.o ABSOLUTE
    ../clib/armsys.c                         0x00000000   Number         0  no_argv.o ABSOLUTE
    ../clib/armsys.c                         0x00000000   Number         0  _get_argv_nomalloc.o ABSOLUTE
    ../clib/armsys.c                         0x00000000   Number         0  argv_veneer.o ABSOLUTE
    ../clib/division.s                       0x00000000   Number         0  aeabi_sdivfast_div0.o ABSOLUTE
    ../clib/division.s                       0x00000000   Number         0  aeabi_sdivfast.o ABSOLUTE
    ../clib/fenv.c                           0x00000000   Number         0  _rserrno.o ABSOLUTE
    ../clib/heapalloc.c                      0x00000000   Number         0  hrguard.o ABSOLUTE
    ../clib/heapaux.c                        0x00000000   Number         0  heapauxi.o ABSOLUTE
    ../clib/libinit.s                        0x00000000   Number         0  libshutdown2.o ABSOLUTE
    ../clib/libinit.s                        0x00000000   Number         0  libinit2.o ABSOLUTE
    ../clib/libinit.s                        0x00000000   Number         0  libinit.o ABSOLUTE
    ../clib/libinit.s                        0x00000000   Number         0  libshutdown.o ABSOLUTE
    ../clib/signal.c                         0x00000000   Number         0  defsig_fpe_outer.o ABSOLUTE
    ../clib/signal.c                         0x00000000   Number         0  defsig_segv_inner.o ABSOLUTE
    ../clib/signal.c                         0x00000000   Number         0  defsig_rtred_inner.o ABSOLUTE
    ../clib/signal.c                         0x00000000   Number         0  defsig_abrt_inner.o ABSOLUTE
    ../clib/signal.c                         0x00000000   Number         0  defsig_pvfn_inner.o ABSOLUTE
    ../clib/signal.c                         0x00000000   Number         0  defsig_cppl_inner.o ABSOLUTE
    ../clib/signal.c                         0x00000000   Number         0  defsig_general.o ABSOLUTE
    ../clib/signal.c                         0x00000000   Number         0  defsig_fpe_inner.o ABSOLUTE
    ../clib/signal.c                         0x00000000   Number         0  defsig_exit.o ABSOLUTE
    ../clib/signal.c                         0x00000000   Number         0  defsig_other.o ABSOLUTE
    ../clib/signal.c                         0x00000000   Number         0  defsig_rtmem_inner.o ABSOLUTE
    ../clib/signal.c                         0x00000000   Number         0  defsig_rtmem_formal.o ABSOLUTE
    ../clib/signal.c                         0x00000000   Number         0  __raise.o ABSOLUTE
    ../clib/signal.c                         0x00000000   Number         0  defsig_stak_inner.o ABSOLUTE
    ../clib/signal.c                         0x00000000   Number         0  defsig_fpe_formal.o ABSOLUTE
    ../clib/signal.c                         0x00000000   Number         0  defsig_rtmem_outer.o ABSOLUTE
    ../clib/signal.s                         0x00000000   Number         0  defsig.o ABSOLUTE
    ../clib/stdlib.c                         0x00000000   Number         0  exit.o ABSOLUTE
    ../fplib/cfplib/cmpret.c                 0x00000000   Number         0  cmpret.o ABSOLUTE
    ../fplib/cfplib/fcmpin.c                 0x00000000   Number         0  fcmpin.o ABSOLUTE
    ../fplib/cfplib/fdiv.c                   0x00000000   Number         0  fdiv.o ABSOLUTE
    ../fplib/cfplib/fpinit.c                 0x00000000   Number         0  fpinit.o ABSOLUTE
    ../fplib/cfplib/fsqrt.c                  0x00000000   Number         0  fsqrt.o ABSOLUTE
    ../fplib/cfplib/nan2.c                   0x00000000   Number         0  fnan2.o ABSOLUTE
    ../fplib/cfplib/retnan.c                 0x00000000   Number         0  retnan.o ABSOLUTE
    ../fplib/faddsub6m.s                     0x00000000   Number         0  faddsub.o ABSOLUTE
    ../fplib/fmul6m.s                        0x00000000   Number         0  fmul.o ABSOLUTE
    ../fplib/frleqf6m.s                      0x00000000   Number         0  frlef.o ABSOLUTE
    ../fplib/usenofp.s                       0x00000000   Number         0  usenofp.o ABSOLUTE
    ../mathlib/sqrtf.c                       0x00000000   Number         0  sqrtf.o ABSOLUTE
    ../mathlib/sqrtf.c                       0x00000000   Number         0  sqrtf_x.o ABSOLUTE
    ..\..\Source\MatrixFunctions\arm_mat_add_f32.c 0x00000000   Number         0  arm_mat_add_f32.o ABSOLUTE
    ..\..\Source\MatrixFunctions\arm_mat_init_f32.c 0x00000000   Number         0  arm_mat_init_f32.o ABSOLUTE
    ..\..\Source\MatrixFunctions\arm_mat_inverse_f32.c 0x00000000   Number         0  arm_mat_inverse_f32.o ABSOLUTE
    ..\..\Source\MatrixFunctions\arm_mat_mult_f32.c 0x00000000   Number         0  arm_mat_mult_f32.o ABSOLUTE
    ..\..\Source\MatrixFunctions\arm_mat_sub_f32.c 0x00000000   Number         0  arm_mat_sub_f32.o ABSOLUTE
    ..\..\Source\MatrixFunctions\arm_mat_trans_f32.c 0x00000000   Number         0  arm_mat_trans_f32.o ABSOLUTE
    ..\\..\\Source\\MatrixFunctions\\arm_mat_add_f32.c 0x00000000   Number         0  arm_mat_add_f32.o ABSOLUTE
    ..\\..\\Source\\MatrixFunctions\\arm_mat_init_f32.c 0x00000000   Number         0  arm_mat_init_f32.o ABSOLUTE
    ..\\..\\Source\\MatrixFunctions\\arm_mat_inverse_f32.c 0x00000000   Number         0  arm_mat_inverse_f32.o ABSOLUTE
    ..\\..\\Source\\MatrixFunctions\\arm_mat_mult_f32.c 0x00000000   Number         0  arm_mat_mult_f32.o ABSOLUTE
    ..\\..\\Source\\MatrixFunctions\\arm_mat_sub_f32.c 0x00000000   Number         0  arm_mat_sub_f32.o ABSOLUTE
    ..\\..\\Source\\MatrixFunctions\\arm_mat_trans_f32.c 0x00000000   Number         0  arm_mat_trans_f32.o ABSOLUTE
    RTE\Device\MKL25Z128xxx4\startup_MKL25Z4.s 0x00000000   Number         0  startup_mkl25z4.o ABSOLUTE
    RTE\Device\MKL25Z128xxx4\system_MKL25Z4.c 0x00000000   Number         0  system_mkl25z4.o ABSOLUTE
    RTE\\Device\\MKL25Z128xxx4\\system_MKL25Z4.c 0x00000000   Number         0  system_mkl25z4.o ABSOLUTE
    dc.s                                     0x00000000   Number         0  dc.o ABSOLUTE
    kalman.c                                 0x00000000   Number         0  kalman.o ABSOLUTE
    kalman.c                                 0x00000000   Number         0  kalman.o ABSOLUTE
    main.c                                   0x00000000   Number         0  main.o ABSOLUTE
    main.c                                   0x00000000   Number         0  main.o ABSOLUTE
    serial_com.c                             0x00000000   Number         0  serial_com.o ABSOLUTE
    serial_com.c                             0x00000000   Number         0  serial_com.o ABSOLUTE
    uart.c                                   0x00000000   Number         0  uart.o ABSOLUTE
    uart.c                                   0x00000000   Number         0  uart.o ABSOLUTE
    !!!main                                  0x000000c0   Section        8  __main.o(!!!main)
    !!!scatter                               0x000000c8   Section       60  __scatter.o(!!!scatter)
    !!handler_zi                             0x00000104   Section       28  __scatter_zi.o(!!handler_zi)
    .ARM.Collect$$libinit$$00000000          0x00000120   Section        2  libinit.o(.ARM.Collect$$libinit$$00000000)
    .ARM.Collect$$libinit$$00000002          0x00000122   Section        0  libinit2.o(.ARM.Collect$$libinit$$00000002)
    .ARM.Collect$$libinit$$00000004          0x00000122   Section        0  libinit2.o(.ARM.Collect$$libinit$$00000004)
    .ARM.Collect$$libinit$$0000000A          0x00000122   Section        0  libinit2.o(.ARM.Collect$$libinit$$0000000A)
    .ARM.Collect$$libinit$$0000000C          0x00000122   Section        0  libinit2.o(.ARM.Collect$$libinit$$0000000C)
    .ARM.Collect$$libinit$$0000000E          0x00000122   Section        0  libinit2.o(.ARM.Collect$$libinit$$0000000E)
    .ARM.Collect$$libinit$$00000011          0x00000122   Section        0  libinit2.o(.ARM.Collect$$libinit$$00000011)
    .ARM.Collect$$libinit$$00000013          0x00000122   Section        0  libinit2.o(.ARM.Collect$$libinit$$00000013)
    .ARM.Collect$$libinit$$00000015          0x00000122   Section        0  libinit2.o(.ARM.Collect$$libinit$$00000015)
    .ARM.Collect$$libinit$$00000017          0x00000122   Section        0  libinit2.o(.ARM.Collect$$libinit$$00000017)
    .ARM.Collect$$libinit$$00000019          0x00000122   Section        0  libinit2.o(.ARM.Collect$$libinit$$00000019)
    .ARM.Collect$$libinit$$0000001B          0x00000122   Section        0  libinit2.o(.ARM.Collect$$libinit$$0000001B)
    .ARM.Collect$$libinit$$0000001D          0x00000122   Section        0  libinit2.o(.ARM.Collect$$libinit$$0000001D)
    .ARM.Collect$$libinit$$0000001F          0x00000122   Section        0  libinit2.o(.ARM.Collect$$libinit$$0000001F)
    .ARM.Collect$$libinit$$00000021          0x00000122   Section        0  libinit2.o(.ARM.Collect$$libinit$$00000021)
    .ARM.Collect$$libinit$$00000023          0x00000122   Section        0  libinit2.o(.ARM.Collect$$libinit$$00000023)
    .ARM.Collect$$libinit$$00000025          0x00000122   Section        0  libinit2.o(.ARM.Collect$$libinit$$00000025)
    .ARM.Collect$$libinit$$0000002C          0x00000122   Section        0  libinit2.o(.ARM.Collect$$libinit$$0000002C)
    .ARM.Collect$$libinit$$0000002E          0x00000122   Section        0  libinit2.o(.ARM.Collect$$libinit$$0000002E)
    .ARM.Collect$$libinit$$00000030          0x00000122   Section        0  libinit2.o(.ARM.Collect$$libinit$$00000030)
    .ARM.Collect$$libinit$$00000032          0x00000122   Section        0  libinit2.o(.ARM.Collect$$libinit$$00000032)
    .ARM.Collect$$libinit$$00000033          0x00000122   Section        2  libinit2.o(.ARM.Collect$$libinit$$00000033)
    .ARM.Collect$$libshutdown$$00000000      0x00000124   Section        2  libshutdown.o(.ARM.Collect$$libshutdown$$00000000)
    .ARM.Collect$$libshutdown$$00000002      0x00000126   Section        0  libshutdown2.o(.ARM.Collect$$libshutdown$$00000002)
    .ARM.Collect$$libshutdown$$00000004      0x00000126   Section        0  libshutdown2.o(.ARM.Collect$$libshutdown$$00000004)
    .ARM.Collect$$libshutdown$$00000007      0x00000126   Section        0  libshutdown2.o(.ARM.Collect$$libshutdown$$00000007)
    .ARM.Collect$$libshutdown$$0000000A      0x00000126   Section        0  libshutdown2.o(.ARM.Collect$$libshutdown$$0000000A)
    .ARM.Collect$$libshutdown$$0000000C      0x00000126   Section        0  libshutdown2.o(.ARM.Collect$$libshutdown$$0000000C)
    .ARM.Collect$$libshutdown$$0000000F      0x00000126   Section        0  libshutdown2.o(.ARM.Collect$$libshutdown$$0000000F)
    .ARM.Collect$$libshutdown$$00000010      0x00000126   Section        2  libshutdown2.o(.ARM.Collect$$libshutdown$$00000010)
    .ARM.Collect$$rtentry$$00000000          0x00000128   Section        0  __rtentry.o(.ARM.Collect$$rtentry$$00000000)
    .ARM.Collect$$rtentry$$00000002          0x00000128   Section        0  __rtentry2.o(.ARM.Collect$$rtentry$$00000002)
    .ARM.Collect$$rtentry$$00000004          0x00000128   Section        6  __rtentry4.o(.ARM.Collect$$rtentry$$00000004)
    .ARM.Collect$$rtentry$$00000009          0x0000012e   Section        0  __rtentry2.o(.ARM.Collect$$rtentry$$00000009)
    .ARM.Collect$$rtentry$$0000000A          0x0000012e   Section        4  __rtentry2.o(.ARM.Collect$$rtentry$$0000000A)
    .ARM.Collect$$rtentry$$0000000C          0x00000132   Section        0  __rtentry2.o(.ARM.Collect$$rtentry$$0000000C)
    .ARM.Collect$$rtentry$$0000000D          0x00000132   Section        8  __rtentry2.o(.ARM.Collect$$rtentry$$0000000D)
    .ARM.Collect$$rtexit$$00000000           0x0000013a   Section        2  rtexit.o(.ARM.Collect$$rtexit$$00000000)
    .ARM.Collect$$rtexit$$00000002           0x0000013c   Section        0  rtexit2.o(.ARM.Collect$$rtexit$$00000002)
    .ARM.Collect$$rtexit$$00000003           0x0000013c   Section        4  rtexit2.o(.ARM.Collect$$rtexit$$00000003)
    .ARM.Collect$$rtexit$$00000004           0x00000140   Section        6  rtexit2.o(.ARM.Collect$$rtexit$$00000004)
    .text                                    0x00000148   Section       64  startup_mkl25z4.o(.text)
    .text                                    0x00000188   Section        0  arm_mat_add_f32.o(.text)
    .text                                    0x0000021c   Section        0  arm_mat_init_f32.o(.text)
    .text                                    0x00000224   Section        0  arm_mat_mult_f32.o(.text)
    .text                                    0x00000328   Section        0  arm_mat_sub_f32.o(.text)
    .text                                    0x000003bc   Section        0  heapauxi.o(.text)
    .text                                    0x000003c2   Section        0  _rserrno.o(.text)
    .text                                    0x000003d8   Section        8  rt_errno_addr_intlibspace.o(.text)
    .text                                    0x000003e0   Section        0  fnan2.o(.text)
    .text                                    0x000003f0   Section        8  libspace.o(.text)
    .text                                    0x000003f8   Section        2  use_no_semi.o(.text)
    .text                                    0x000003fa   Section        0  indicate_semi.o(.text)
    i.kalmanGetSensors                       0x000003fa   Section        0  kalman.o(i.kalmanGetSensors)
    x$fpl$usenofp                            0x000003fc   Section        0  usenofp.o(x$fpl$usenofp)
    .ARM.__at_0x400                          0x00000400   Section       16  startup_mkl25z4.o(.ARM.__at_0x400)
    .text                                    0x00000410   Section        0  arm_mat_inverse_f32.o(.text)
    .text                                    0x00000788   Section        0  arm_mat_trans_f32.o(.text)
    .text                                    0x0000080c   Section      488  aeabi_sdivfast.o(.text)
    .text                                    0x000009f4   Section        0  fdiv.o(.text)
    .text                                    0x00000b54   Section        0  fcmpin.o(.text)
    .text                                    0x00000bb8   Section        0  fsqrt.o(.text)
    .text                                    0x00000c48   Section        0  cmpret.o(.text)
    .text                                    0x00000c76   Section       62  sys_stackheap_outer.o(.text)
    .text                                    0x00000cb4   Section        0  exit.o(.text)
    .text                                    0x00000cc4   Section        0  retnan.o(.text)
    .text                                    0x00000d24   Section        0  sys_exit.o(.text)
    .text                                    0x00000d30   Section        0  __dczerorl2.o(.text)
    i.SystemInit                             0x00000d88   Section        0  system_mkl25z4.o(i.SystemInit)
    i.jacobianAph1                           0x00000d94   Section        0  kalman.o(i.jacobianAph1)
    i.jacobianHph1                           0x00001068   Section        0  kalman.o(i.jacobianHph1)
    i.kalmanF                                0x00001240   Section        0  kalman.o(i.kalmanF)
    i.kalmanInit                             0x0000148c   Section        0  kalman.o(i.kalmanInit)
    i.kalmanInitializeStateVec               0x000016a4   Section        0  kalman.o(i.kalmanInitializeStateVec)
    i.kalmanInv                              0x00001880   Section        0  kalman.o(i.kalmanInv)
    i.kalmanStep                             0x00001970   Section        0  kalman.o(i.kalmanStep)
    i.main                                   0x00001c10   Section        0  main.o(i.main)
    i.recVec                                 0x00001c4c   Section        0  serial_com.o(i.recVec)
    i.reshapeParts                           0x00001c80   Section        0  serial_com.o(i.reshapeParts)
    i.sendInParts                            0x00001c9c   Section        0  serial_com.o(i.sendInParts)
    i.sendVec                                0x00001cc4   Section        0  serial_com.o(i.sendVec)
    i.sqrtf                                  0x00001cde   Section        0  sqrtf.o(i.sqrtf)
    i.uart_getchar                           0x00001d0a   Section        0  uart.o(i.uart_getchar)
    i.uart_gpio_init                         0x00001d20   Section        0  main.o(i.uart_gpio_init)
    i.uart_init                              0x00001d68   Section        0  uart.o(i.uart_init)
    i.uart_putchar                           0x00001dd8   Section        0  uart.o(i.uart_putchar)
    x$fpl$fadd                               0x00001df0   Section      140  faddsub.o(x$fpl$fadd)
    _fadd1                                   0x00001dfd   Thumb Code     0  faddsub.o(x$fpl$fadd)
    x$fpl$fmul                               0x00001e7c   Section      176  fmul.o(x$fpl$fmul)
    x$fpl$frleqf                             0x00001f2c   Section       88  frlef.o(x$fpl$frleqf)
    x$fpl$frsb                               0x00001f84   Section       24  faddsub.o(x$fpl$frsb)
    x$fpl$fsub                               0x00001f9c   Section      208  faddsub.o(x$fpl$fsub)
    _fsub1                                   0x00001fa9   Thumb Code     0  faddsub.o(x$fpl$fsub)
    .constdata                               0x0000206c   Section       64  fdiv.o(.constdata)
    fdiv_tab                                 0x0000206c   Data          64  fdiv.o(.constdata)
    .data                                    0x1ffff000   Section     4056  kalman.o(.data)
    .data                                    0x1fffffd8   Section        4  serial_com.o(.data)
    .bss                                     0x1fffffdc   Section     1216  kalman.o(.bss)
    .bss                                     0x2000049c   Section       96  libspace.o(.bss)
    HEAP                                     0x20000500   Section        0  startup_mkl25z4.o(HEAP)
    STACK                                    0x20000500   Section      256  startup_mkl25z4.o(STACK)
    Heap_Mem                                 0x20000500   Data           0  startup_mkl25z4.o(HEAP)
    Stack_Mem                                0x20000500   Data         256  startup_mkl25z4.o(STACK)
    __initial_sp                             0x20000600   Data           0  startup_mkl25z4.o(STACK)

    Global Symbols

    Symbol Name                              Value     Ov Type        Size  Object(Section)

    BuildAttributes$$THM_ISAv3M$S$PE$A:L22$X:L11$S22$IEEE1$IW$USESV6$~STKCKD$USESV7$~SHL$OTIME$ROPI$IEEEJ$EBA8$UX$STANDARDLIB$REQ8$PRES8$EABIv2 0x00000000   Number         0  anon$$obj.o ABSOLUTE
    __ARM_use_no_argv                        0x00000000   Number         0  main.o ABSOLUTE
    __Vectors                                0x00000000   Data           4  startup_mkl25z4.o(RESET)
    __ARM_exceptions_init                     - Undefined Weak Reference
    __alloca_initialize                       - Undefined Weak Reference
    __arm_preinit_                            - Undefined Weak Reference
    __cpp_initialize__aeabi_                  - Undefined Weak Reference
    __cxa_finalize                            - Undefined Weak Reference
    __rt_locale                               - Undefined Weak Reference
    __sigvec_lookup                           - Undefined Weak Reference
    _atexit_init                              - Undefined Weak Reference
    _call_atexit_fns                          - Undefined Weak Reference
    _clock_init                               - Undefined Weak Reference
    _fp_trap_init                             - Undefined Weak Reference
    _fp_trap_shutdown                         - Undefined Weak Reference
    _get_lc_collate                           - Undefined Weak Reference
    _get_lc_ctype                             - Undefined Weak Reference
    _get_lc_monetary                          - Undefined Weak Reference
    _get_lc_numeric                           - Undefined Weak Reference
    _get_lc_time                              - Undefined Weak Reference
    _getenv_init                              - Undefined Weak Reference
    _handle_redirection                       - Undefined Weak Reference
    _init_alloc                               - Undefined Weak Reference
    _init_user_alloc                          - Undefined Weak Reference
    _initio                                   - Undefined Weak Reference
    _rand_init                                - Undefined Weak Reference
    _signal_finish                            - Undefined Weak Reference
    _signal_init                              - Undefined Weak Reference
    _terminate_alloc                          - Undefined Weak Reference
    _terminate_user_alloc                     - Undefined Weak Reference
    _terminateio                              - Undefined Weak Reference
    __Vectors_End                            0x000000c0   Data           0  startup_mkl25z4.o(RESET)
    __Vectors_Size                           0x000000c0   Number         0  startup_mkl25z4.o ABSOLUTE
    __main                                   0x000000c1   Thumb Code     8  __main.o(!!!main)
    __scatterload                            0x000000c9   Thumb Code     0  __scatter.o(!!!scatter)
    __scatterload_rt2                        0x000000c9   Thumb Code    52  __scatter.o(!!!scatter)
    __scatterload_rt2_thumb_only             0x000000c9   Thumb Code     0  __scatter.o(!!!scatter)
    __scatterload_null                       0x000000d9   Thumb Code     0  __scatter.o(!!!scatter)
    __scatterload_zeroinit                   0x00000105   Thumb Code    28  __scatter_zi.o(!!handler_zi)
    __rt_lib_init                            0x00000121   Thumb Code     0  libinit.o(.ARM.Collect$$libinit$$00000000)
    __rt_lib_init_alloca_1                   0x00000123   Thumb Code     0  libinit2.o(.ARM.Collect$$libinit$$0000002E)
    __rt_lib_init_argv_1                     0x00000123   Thumb Code     0  libinit2.o(.ARM.Collect$$libinit$$0000002C)
    __rt_lib_init_atexit_1                   0x00000123   Thumb Code     0  libinit2.o(.ARM.Collect$$libinit$$0000001B)
    __rt_lib_init_clock_1                    0x00000123   Thumb Code     0  libinit2.o(.ARM.Collect$$libinit$$00000021)
    __rt_lib_init_cpp_1                      0x00000123   Thumb Code     0  libinit2.o(.ARM.Collect$$libinit$$00000032)
    __rt_lib_init_exceptions_1               0x00000123   Thumb Code     0  libinit2.o(.ARM.Collect$$libinit$$00000030)
    __rt_lib_init_fp_1                       0x00000123   Thumb Code     0  libinit2.o(.ARM.Collect$$libinit$$00000002)
    __rt_lib_init_fp_trap_1                  0x00000123   Thumb Code     0  libinit2.o(.ARM.Collect$$libinit$$0000001F)
    __rt_lib_init_getenv_1                   0x00000123   Thumb Code     0  libinit2.o(.ARM.Collect$$libinit$$00000023)
    __rt_lib_init_heap_1                     0x00000123   Thumb Code     0  libinit2.o(.ARM.Collect$$libinit$$0000000A)
    __rt_lib_init_lc_collate_1               0x00000123   Thumb Code     0  libinit2.o(.ARM.Collect$$libinit$$00000011)
    __rt_lib_init_lc_ctype_1                 0x00000123   Thumb Code     0  libinit2.o(.ARM.Collect$$libinit$$00000013)
    __rt_lib_init_lc_monetary_1              0x00000123   Thumb Code     0  libinit2.o(.ARM.Collect$$libinit$$00000015)
    __rt_lib_init_lc_numeric_1               0x00000123   Thumb Code     0  libinit2.o(.ARM.Collect$$libinit$$00000017)
    __rt_lib_init_lc_time_1                  0x00000123   Thumb Code     0  libinit2.o(.ARM.Collect$$libinit$$00000019)
    __rt_lib_init_preinit_1                  0x00000123   Thumb Code     0  libinit2.o(.ARM.Collect$$libinit$$00000004)
    __rt_lib_init_rand_1                     0x00000123   Thumb Code     0  libinit2.o(.ARM.Collect$$libinit$$0000000E)
    __rt_lib_init_return                     0x00000123   Thumb Code     0  libinit2.o(.ARM.Collect$$libinit$$00000033)
    __rt_lib_init_signal_1                   0x00000123   Thumb Code     0  libinit2.o(.ARM.Collect$$libinit$$0000001D)
    __rt_lib_init_stdio_1                    0x00000123   Thumb Code     0  libinit2.o(.ARM.Collect$$libinit$$00000025)
    __rt_lib_init_user_alloc_1               0x00000123   Thumb Code     0  libinit2.o(.ARM.Collect$$libinit$$0000000C)
    __rt_lib_shutdown                        0x00000125   Thumb Code     0  libshutdown.o(.ARM.Collect$$libshutdown$$00000000)
    __rt_lib_shutdown_cpp_1                  0x00000127   Thumb Code     0  libshutdown2.o(.ARM.Collect$$libshutdown$$00000002)
    __rt_lib_shutdown_fp_trap_1              0x00000127   Thumb Code     0  libshutdown2.o(.ARM.Collect$$libshutdown$$00000007)
    __rt_lib_shutdown_heap_1                 0x00000127   Thumb Code     0  libshutdown2.o(.ARM.Collect$$libshutdown$$0000000F)
    __rt_lib_shutdown_return                 0x00000127   Thumb Code     0  libshutdown2.o(.ARM.Collect$$libshutdown$$00000010)
    __rt_lib_shutdown_signal_1               0x00000127   Thumb Code     0  libshutdown2.o(.ARM.Collect$$libshutdown$$0000000A)
    __rt_lib_shutdown_stdio_1                0x00000127   Thumb Code     0  libshutdown2.o(.ARM.Collect$$libshutdown$$00000004)
    __rt_lib_shutdown_user_alloc_1           0x00000127   Thumb Code     0  libshutdown2.o(.ARM.Collect$$libshutdown$$0000000C)
    __rt_entry                               0x00000129   Thumb Code     0  __rtentry.o(.ARM.Collect$$rtentry$$00000000)
    __rt_entry_presh_1                       0x00000129   Thumb Code     0  __rtentry2.o(.ARM.Collect$$rtentry$$00000002)
    __rt_entry_sh                            0x00000129   Thumb Code     0  __rtentry4.o(.ARM.Collect$$rtentry$$00000004)
    __rt_entry_li                            0x0000012f   Thumb Code     0  __rtentry2.o(.ARM.Collect$$rtentry$$0000000A)
    __rt_entry_postsh_1                      0x0000012f   Thumb Code     0  __rtentry2.o(.ARM.Collect$$rtentry$$00000009)
    __rt_entry_main                          0x00000133   Thumb Code     0  __rtentry2.o(.ARM.Collect$$rtentry$$0000000D)
    __rt_entry_postli_1                      0x00000133   Thumb Code     0  __rtentry2.o(.ARM.Collect$$rtentry$$0000000C)
    __rt_exit                                0x0000013b   Thumb Code     0  rtexit.o(.ARM.Collect$$rtexit$$00000000)
    __rt_exit_ls                             0x0000013d   Thumb Code     0  rtexit2.o(.ARM.Collect$$rtexit$$00000003)
    __rt_exit_prels_1                        0x0000013d   Thumb Code     0  rtexit2.o(.ARM.Collect$$rtexit$$00000002)
    __rt_exit_exit                           0x00000141   Thumb Code     0  rtexit2.o(.ARM.Collect$$rtexit$$00000004)
    Reset_Handler                            0x00000149   Thumb Code    12  startup_mkl25z4.o(.text)
    NMI_Handler                              0x00000155   Thumb Code     2  startup_mkl25z4.o(.text)
    HardFault_Handler                        0x00000157   Thumb Code     2  startup_mkl25z4.o(.text)
    SVC_Handler                              0x00000159   Thumb Code     2  startup_mkl25z4.o(.text)
    PendSV_Handler                           0x0000015b   Thumb Code     2  startup_mkl25z4.o(.text)
    SysTick_Handler                          0x0000015d   Thumb Code     2  startup_mkl25z4.o(.text)
    ADC0_IRQHandler                          0x0000015f   Thumb Code     0  startup_mkl25z4.o(.text)
    CMP0_IRQHandler                          0x0000015f   Thumb Code     0  startup_mkl25z4.o(.text)
    DAC0_IRQHandler                          0x0000015f   Thumb Code     0  startup_mkl25z4.o(.text)
    DMA0_IRQHandler                          0x0000015f   Thumb Code     0  startup_mkl25z4.o(.text)
    DMA1_IRQHandler                          0x0000015f   Thumb Code     0  startup_mkl25z4.o(.text)
    DMA2_IRQHandler                          0x0000015f   Thumb Code     0  startup_mkl25z4.o(.text)
    DMA3_IRQHandler                          0x0000015f   Thumb Code     0  startup_mkl25z4.o(.text)
    DefaultISR                               0x0000015f   Thumb Code     0  startup_mkl25z4.o(.text)
    FTFA_IRQHandler                          0x0000015f   Thumb Code     0  startup_mkl25z4.o(.text)
    I2C0_IRQHandler                          0x0000015f   Thumb Code     0  startup_mkl25z4.o(.text)
    I2C1_IRQHandler                          0x0000015f   Thumb Code     0  startup_mkl25z4.o(.text)
    LLWU_IRQHandler                          0x0000015f   Thumb Code     0  startup_mkl25z4.o(.text)
    LPTMR0_IRQHandler                        0x0000015f   Thumb Code     0  startup_mkl25z4.o(.text)
    LVD_LVW_IRQHandler                       0x0000015f   Thumb Code     0  startup_mkl25z4.o(.text)
    MCG_IRQHandler                           0x0000015f   Thumb Code     0  startup_mkl25z4.o(.text)
    PIT_IRQHandler                           0x0000015f   Thumb Code     0  startup_mkl25z4.o(.text)
    PORTA_IRQHandler                         0x0000015f   Thumb Code     0  startup_mkl25z4.o(.text)
    PORTD_IRQHandler                         0x0000015f   Thumb Code     0  startup_mkl25z4.o(.text)
    RTC_IRQHandler                           0x0000015f   Thumb Code     0  startup_mkl25z4.o(.text)
    RTC_Seconds_IRQHandler                   0x0000015f   Thumb Code     0  startup_mkl25z4.o(.text)
    Reserved20_IRQHandler                    0x0000015f   Thumb Code     0  startup_mkl25z4.o(.text)
    Reserved39_IRQHandler                    0x0000015f   Thumb Code     0  startup_mkl25z4.o(.text)
    Reserved45_IRQHandler                    0x0000015f   Thumb Code     0  startup_mkl25z4.o(.text)
    SPI0_IRQHandler                          0x0000015f   Thumb Code     0  startup_mkl25z4.o(.text)
    SPI1_IRQHandler                          0x0000015f   Thumb Code     0  startup_mkl25z4.o(.text)
    TPM0_IRQHandler                          0x0000015f   Thumb Code     0  startup_mkl25z4.o(.text)
    TPM1_IRQHandler                          0x0000015f   Thumb Code     0  startup_mkl25z4.o(.text)
    TPM2_IRQHandler                          0x0000015f   Thumb Code     0  startup_mkl25z4.o(.text)
    TSI0_IRQHandler                          0x0000015f   Thumb Code     0  startup_mkl25z4.o(.text)
    UART0_IRQHandler                         0x0000015f   Thumb Code     0  startup_mkl25z4.o(.text)
    UART1_IRQHandler                         0x0000015f   Thumb Code     0  startup_mkl25z4.o(.text)
    UART2_IRQHandler                         0x0000015f   Thumb Code     0  startup_mkl25z4.o(.text)
    USB0_IRQHandler                          0x0000015f   Thumb Code     0  startup_mkl25z4.o(.text)
    __user_initial_stackheap                 0x00000165   Thumb Code     0  startup_mkl25z4.o(.text)
    arm_mat_add_f32                          0x00000189   Thumb Code   144  arm_mat_add_f32.o(.text)
    arm_mat_init_f32                         0x0000021d   Thumb Code     8  arm_mat_init_f32.o(.text)
    arm_mat_mult_f32                         0x00000225   Thumb Code   260  arm_mat_mult_f32.o(.text)
    arm_mat_sub_f32                          0x00000329   Thumb Code   144  arm_mat_sub_f32.o(.text)
    __use_two_region_memory                  0x000003bd   Thumb Code     2  heapauxi.o(.text)
    __rt_heap_escrow$2region                 0x000003bf   Thumb Code     2  heapauxi.o(.text)
    __rt_heap_expand$2region                 0x000003c1   Thumb Code     2  heapauxi.o(.text)
    __read_errno                             0x000003c3   Thumb Code    10  _rserrno.o(.text)
    __set_errno                              0x000003cd   Thumb Code    12  _rserrno.o(.text)
    __aeabi_errno_addr                       0x000003d9   Thumb Code     8  rt_errno_addr_intlibspace.o(.text)
    __errno$intlibspace                      0x000003d9   Thumb Code     0  rt_errno_addr_intlibspace.o(.text)
    __rt_errno_addr$intlibspace              0x000003d9   Thumb Code     0  rt_errno_addr_intlibspace.o(.text)
    __fpl_fcheck_NaN2                        0x000003e1   Thumb Code    10  fnan2.o(.text)
    __user_libspace                          0x000003f1   Thumb Code     8  libspace.o(.text)
    __user_perproc_libspace                  0x000003f1   Thumb Code     0  libspace.o(.text)
    __user_perthread_libspace                0x000003f1   Thumb Code     0  libspace.o(.text)
    __I$use$semihosting                      0x000003f9   Thumb Code     0  use_no_semi.o(.text)
    __use_no_semihosting_swi                 0x000003f9   Thumb Code     2  use_no_semi.o(.text)
    __semihosting_library_function           0x000003fb   Thumb Code     0  indicate_semi.o(.text)
    kalmanGetSensors                         0x000003fb   Thumb Code     2  kalman.o(i.kalmanGetSensors)
    __I$use$fp                               0x000003fc   Number         0  usenofp.o(x$fpl$usenofp)
    arm_mat_inverse_f32                      0x00000411   Thumb Code   884  arm_mat_inverse_f32.o(.text)
    arm_mat_trans_f32                        0x00000789   Thumb Code   132  arm_mat_trans_f32.o(.text)
    __aeabi_uidiv                            0x0000080d   Thumb Code     0  aeabi_sdivfast.o(.text)
    __aeabi_uidivmod                         0x0000080d   Thumb Code    28  aeabi_sdivfast.o(.text)
    __aeabi_idiv                             0x00000829   Thumb Code     0  aeabi_sdivfast.o(.text)
    __aeabi_idivmod                          0x00000829   Thumb Code   460  aeabi_sdivfast.o(.text)
    __aeabi_fdiv                             0x000009f5   Thumb Code     0  fdiv.o(.text)
    _fdiv                                    0x000009f5   Thumb Code   334  fdiv.o(.text)
    _frdiv                                   0x00000b43   Thumb Code     8  fdiv.o(.text)
    __fpl_fcmp_InfNaN                        0x00000b55   Thumb Code    96  fcmpin.o(.text)
    _fsqrt                                   0x00000bb9   Thumb Code   140  fsqrt.o(.text)
    __fpl_cmpreturn                          0x00000c49   Thumb Code    46  cmpret.o(.text)
    __user_setup_stackheap                   0x00000c77   Thumb Code    62  sys_stackheap_outer.o(.text)
    exit                                     0x00000cb5   Thumb Code    16  exit.o(.text)
    __fpl_return_NaN                         0x00000cc5   Thumb Code    94  retnan.o(.text)
    _sys_exit                                0x00000d25   Thumb Code     8  sys_exit.o(.text)
    __decompress                             0x00000d31   Thumb Code     0  __dczerorl2.o(.text)
    __decompress1                            0x00000d31   Thumb Code    86  __dczerorl2.o(.text)
    SystemInit                               0x00000d89   Thumb Code     8  system_mkl25z4.o(i.SystemInit)
    jacobianAph1                             0x00000d95   Thumb Code   700  kalman.o(i.jacobianAph1)
    jacobianHph1                             0x00001069   Thumb Code   464  kalman.o(i.jacobianHph1)
    kalmanF                                  0x00001241   Thumb Code   566  kalman.o(i.kalmanF)
    kalmanInit                               0x0000148d   Thumb Code   328  kalman.o(i.kalmanInit)
    kalmanInitializeStateVec                 0x000016a5   Thumb Code   466  kalman.o(i.kalmanInitializeStateVec)
    kalmanInv                                0x00001881   Thumb Code   232  kalman.o(i.kalmanInv)
    kalmanStep                               0x00001971   Thumb Code   574  kalman.o(i.kalmanStep)
    main                                     0x00001c11   Thumb Code    46  main.o(i.main)
    recVec                                   0x00001c4d   Thumb Code    48  serial_com.o(i.recVec)
    reshapeParts                             0x00001c81   Thumb Code    24  serial_com.o(i.reshapeParts)
    sendInParts                              0x00001c9d   Thumb Code    30  serial_com.o(i.sendInParts)
    sendVec                                  0x00001cc5   Thumb Code    26  serial_com.o(i.sendVec)
    sqrtf                                    0x00001cdf   Thumb Code    44  sqrtf.o(i.sqrtf)
    uart_getchar                             0x00001d0b   Thumb Code    20  uart.o(i.uart_getchar)
    uart_gpio_init                           0x00001d21   Thumb Code    60  main.o(i.uart_gpio_init)
    uart_init                                0x00001d69   Thumb Code   100  uart.o(i.uart_init)
    uart_putchar                             0x00001dd9   Thumb Code    22  uart.o(i.uart_putchar)
    __aeabi_fadd                             0x00001df1   Thumb Code     0  faddsub.o(x$fpl$fadd)
    _fadd                                    0x00001df1   Thumb Code   134  faddsub.o(x$fpl$fadd)
    __aeabi_fmul                             0x00001e7d   Thumb Code     0  fmul.o(x$fpl$fmul)
    _fmul                                    0x00001e7d   Thumb Code   172  fmul.o(x$fpl$fmul)
    __aeabi_cfrcmple                         0x00001f2d   Thumb Code     0  frlef.o(x$fpl$frleqf)
    _frcmple                                 0x00001f2d   Thumb Code    84  frlef.o(x$fpl$frleqf)
    __aeabi_frsub                            0x00001f85   Thumb Code     0  faddsub.o(x$fpl$frsb)
    _frsb                                    0x00001f85   Thumb Code    24  faddsub.o(x$fpl$frsb)
    __aeabi_fsub                             0x00001f9d   Thumb Code     0  faddsub.o(x$fpl$fsub)
    _fsub                                    0x00001f9d   Thumb Code   204  faddsub.o(x$fpl$fsub)
    Region$$Table$$Base                      0x000020ac   Number         0  anon$$obj.o(Region$$Table)
    Region$$Table$$Limit                     0x000020cc   Number         0  anon$$obj.o(Region$$Table)
    sampleTime                               0x1ffff000   Data           4  kalman.o(.data)
    I1                                       0x1ffff004   Data           4  kalman.o(.data)
    I2                                       0x1ffff008   Data           4  kalman.o(.data)
    I3                                       0x1ffff00c   Data           4  kalman.o(.data)
    X_k                                      0x1ffff010   Data           8  kalman.o(.data)
    X_t1_k                                   0x1ffff018   Data           8  kalman.o(.data)
    X_t2_k                                   0x1ffff020   Data           8  kalman.o(.data)
    X_ap_k                                   0x1ffff028   Data           8  kalman.o(.data)
    Z_k                                      0x1ffff030   Data           8  kalman.o(.data)
    Y_k                                      0x1ffff038   Data           8  kalman.o(.data)
    Qph1_k                                   0x1ffff040   Data           8  kalman.o(.data)
    Qph1_k_data                              0x1ffff048   Data         256  kalman.o(.data)
    Rph1_k                                   0x1ffff148   Data           8  kalman.o(.data)
    Rph1_k_data                              0x1ffff150   Data         144  kalman.o(.data)
    Qph2_k                                   0x1ffff1e0   Data           8  kalman.o(.data)
    Qph2_k_data                              0x1ffff1e8   Data         256  kalman.o(.data)
    Rph2_k                                   0x1ffff2e8   Data           8  kalman.o(.data)
    Rph2_k_data                              0x1ffff2f0   Data         256  kalman.o(.data)
    A_k                                      0x1ffff3f0   Data           8  kalman.o(.data)
    A_k_data                                 0x1ffff3f8   Data         256  kalman.o(.data)
    A_k_t                                    0x1ffff4f8   Data           8  kalman.o(.data)
    H_k                                      0x1ffff500   Data           8  kalman.o(.data)
    H_k_data                                 0x1ffff508   Data         192  kalman.o(.data)
    H_k_t                                    0x1ffff5c8   Data           8  kalman.o(.data)
    P_k                                      0x1ffff5d0   Data           8  kalman.o(.data)
    P_k_data                                 0x1ffff5d8   Data         256  kalman.o(.data)
    P_ap_k                                   0x1ffff6d8   Data           8  kalman.o(.data)
    P_ap_k_data                              0x1ffff6e0   Data         256  kalman.o(.data)
    Kg_k                                     0x1ffff7e0   Data           8  kalman.o(.data)
    S_k                                      0x1ffff7e8   Data           8  kalman.o(.data)
    S_k_data                                 0x1ffff7f0   Data         144  kalman.o(.data)
    V_k                                      0x1ffff880   Data           8  kalman.o(.data)
    V_k_data                                 0x1ffff888   Data         144  kalman.o(.data)
    V_k_t                                    0x1ffff918   Data           8  kalman.o(.data)
    W_k                                      0x1ffff920   Data           8  kalman.o(.data)
    W_k_data                                 0x1ffff928   Data         256  kalman.o(.data)
    W_k_t                                    0x1ffffa28   Data           8  kalman.o(.data)
    Temp_1                                   0x1ffffa30   Data           8  kalman.o(.data)
    Temp_1_data                              0x1ffffa38   Data         256  kalman.o(.data)
    Temp_2                                   0x1ffffb38   Data           8  kalman.o(.data)
    Temp_2_data                              0x1ffffb40   Data         256  kalman.o(.data)
    Temp_3                                   0x1ffffc40   Data           8  kalman.o(.data)
    Temp_3_data                              0x1ffffc48   Data         256  kalman.o(.data)
    Temp_4                                   0x1ffffd48   Data           8  kalman.o(.data)
    Temp_4_data                              0x1ffffd50   Data         192  kalman.o(.data)
    Temp_5                                   0x1ffffe10   Data           8  kalman.o(.data)
    Temp_5_data                              0x1ffffe18   Data         144  kalman.o(.data)
    Temp_6                                   0x1ffffea8   Data           8  kalman.o(.data)
    Temp_6_data                              0x1ffffeb0   Data         144  kalman.o(.data)
    Temp_7                                   0x1fffff40   Data           8  kalman.o(.data)
    Temp_7_data                              0x1fffff48   Data         144  kalman.o(.data)
    f2c                                      0x1fffffd8   Data           4  serial_com.o(.data)
    X_k_data                                 0x1fffffdc   Data          32  kalman.o(.bss)
    X_t1_k_data                              0x1ffffffc   Data          32  kalman.o(.bss)
    X_t2_k_data                              0x2000001c   Data          32  kalman.o(.bss)
    X_ap_k_data                              0x2000003c   Data          32  kalman.o(.bss)
    Z_k_data                                 0x2000005c   Data          24  kalman.o(.bss)
    Y_k_data                                 0x20000074   Data          24  kalman.o(.bss)
    A_k_t_data                               0x2000008c   Data         256  kalman.o(.bss)
    H_k_t_data                               0x2000018c   Data         192  kalman.o(.bss)
    Kg_k_data                                0x2000024c   Data         192  kalman.o(.bss)
    V_k_t_data                               0x2000030c   Data         144  kalman.o(.bss)
    W_k_t_data                               0x2000039c   Data         256  kalman.o(.bss)
    __libspace_start                         0x2000049c   Data          96  libspace.o(.bss)
    __temporary_stack_top$libspace           0x200004fc   Data           0  libspace.o(.bss)



==============================================================================

Memory Map of the image

  Image Entry point : 0x00000149

  Load Region LR_1 (Base: 0x00000000, Size: 0x000030a8, Max: 0xffffffff, ABSOLUTE, COMPRESSED[0x0000219c])

    Execution Region ER_RO (Base: 0x00000000, Size: 0x000020cc, Max: 0xffffffff, ABSOLUTE)

    Base Addr    Size         Type   Attr      Idx    E Section Name        Object

    0x00000000   0x000000c0   Data   RO          278    RESET               startup_mkl25z4.o
    0x000000c0   0x00000008   Code   RO          470  * !!!main             c_p.l(__main.o)
    0x000000c8   0x0000003c   Code   RO          680    !!!scatter          c_p.l(__scatter.o)
    0x00000104   0x0000001c   Code   RO          682    !!handler_zi        c_p.l(__scatter_zi.o)
    0x00000120   0x00000002   Code   RO          548    .ARM.Collect$$libinit$$00000000  c_p.l(libinit.o)
    0x00000122   0x00000000   Code   RO          561    .ARM.Collect$$libinit$$00000002  c_p.l(libinit2.o)
    0x00000122   0x00000000   Code   RO          563    .ARM.Collect$$libinit$$00000004  c_p.l(libinit2.o)
    0x00000122   0x00000000   Code   RO          566    .ARM.Collect$$libinit$$0000000A  c_p.l(libinit2.o)
    0x00000122   0x00000000   Code   RO          568    .ARM.Collect$$libinit$$0000000C  c_p.l(libinit2.o)
    0x00000122   0x00000000   Code   RO          570    .ARM.Collect$$libinit$$0000000E  c_p.l(libinit2.o)
    0x00000122   0x00000000   Code   RO          573    .ARM.Collect$$libinit$$00000011  c_p.l(libinit2.o)
    0x00000122   0x00000000   Code   RO          575    .ARM.Collect$$libinit$$00000013  c_p.l(libinit2.o)
    0x00000122   0x00000000   Code   RO          577    .ARM.Collect$$libinit$$00000015  c_p.l(libinit2.o)
    0x00000122   0x00000000   Code   RO          579    .ARM.Collect$$libinit$$00000017  c_p.l(libinit2.o)
    0x00000122   0x00000000   Code   RO          581    .ARM.Collect$$libinit$$00000019  c_p.l(libinit2.o)
    0x00000122   0x00000000   Code   RO          583    .ARM.Collect$$libinit$$0000001B  c_p.l(libinit2.o)
    0x00000122   0x00000000   Code   RO          585    .ARM.Collect$$libinit$$0000001D  c_p.l(libinit2.o)
    0x00000122   0x00000000   Code   RO          587    .ARM.Collect$$libinit$$0000001F  c_p.l(libinit2.o)
    0x00000122   0x00000000   Code   RO          589    .ARM.Collect$$libinit$$00000021  c_p.l(libinit2.o)
    0x00000122   0x00000000   Code   RO          591    .ARM.Collect$$libinit$$00000023  c_p.l(libinit2.o)
    0x00000122   0x00000000   Code   RO          593    .ARM.Collect$$libinit$$00000025  c_p.l(libinit2.o)
    0x00000122   0x00000000   Code   RO          597    .ARM.Collect$$libinit$$0000002C  c_p.l(libinit2.o)
    0x00000122   0x00000000   Code   RO          599    .ARM.Collect$$libinit$$0000002E  c_p.l(libinit2.o)
    0x00000122   0x00000000   Code   RO          601    .ARM.Collect$$libinit$$00000030  c_p.l(libinit2.o)
    0x00000122   0x00000000   Code   RO          603    .ARM.Collect$$libinit$$00000032  c_p.l(libinit2.o)
    0x00000122   0x00000002   Code   RO          604    .ARM.Collect$$libinit$$00000033  c_p.l(libinit2.o)
    0x00000124   0x00000002   Code   RO          635    .ARM.Collect$$libshutdown$$00000000  c_p.l(libshutdown.o)
    0x00000126   0x00000000   Code   RO          661    .ARM.Collect$$libshutdown$$00000002  c_p.l(libshutdown2.o)
    0x00000126   0x00000000   Code   RO          663    .ARM.Collect$$libshutdown$$00000004  c_p.l(libshutdown2.o)
    0x00000126   0x00000000   Code   RO          666    .ARM.Collect$$libshutdown$$00000007  c_p.l(libshutdown2.o)
    0x00000126   0x00000000   Code   RO          669    .ARM.Collect$$libshutdown$$0000000A  c_p.l(libshutdown2.o)
    0x00000126   0x00000000   Code   RO          671    .ARM.Collect$$libshutdown$$0000000C  c_p.l(libshutdown2.o)
    0x00000126   0x00000000   Code   RO          674    .ARM.Collect$$libshutdown$$0000000F  c_p.l(libshutdown2.o)
    0x00000126   0x00000002   Code   RO          675    .ARM.Collect$$libshutdown$$00000010  c_p.l(libshutdown2.o)
    0x00000128   0x00000000   Code   RO          493    .ARM.Collect$$rtentry$$00000000  c_p.l(__rtentry.o)
    0x00000128   0x00000000   Code   RO          506    .ARM.Collect$$rtentry$$00000002  c_p.l(__rtentry2.o)
    0x00000128   0x00000006   Code   RO          518    .ARM.Collect$$rtentry$$00000004  c_p.l(__rtentry4.o)
    0x0000012e   0x00000000   Code   RO          508    .ARM.Collect$$rtentry$$00000009  c_p.l(__rtentry2.o)
    0x0000012e   0x00000004   Code   RO          509    .ARM.Collect$$rtentry$$0000000A  c_p.l(__rtentry2.o)
    0x00000132   0x00000000   Code   RO          511    .ARM.Collect$$rtentry$$0000000C  c_p.l(__rtentry2.o)
    0x00000132   0x00000008   Code   RO          512    .ARM.Collect$$rtentry$$0000000D  c_p.l(__rtentry2.o)
    0x0000013a   0x00000002   Code   RO          552    .ARM.Collect$$rtexit$$00000000  c_p.l(rtexit.o)
    0x0000013c   0x00000000   Code   RO          608    .ARM.Collect$$rtexit$$00000002  c_p.l(rtexit2.o)
    0x0000013c   0x00000004   Code   RO          609    .ARM.Collect$$rtexit$$00000003  c_p.l(rtexit2.o)
    0x00000140   0x00000006   Code   RO          610    .ARM.Collect$$rtexit$$00000004  c_p.l(rtexit2.o)
    0x00000146   0x00000002   PAD
    0x00000148   0x00000040   Code   RO          280  * .text               startup_mkl25z4.o
    0x00000188   0x00000094   Code   RO          322    .text               arm_cortexM0l_math.lib(arm_mat_add_f32.o)
    0x0000021c   0x00000008   Code   RO          364    .text               arm_cortexM0l_math.lib(arm_mat_init_f32.o)
    0x00000224   0x00000104   Code   RO          404    .text               arm_cortexM0l_math.lib(arm_mat_mult_f32.o)
    0x00000328   0x00000094   Code   RO          424    .text               arm_cortexM0l_math.lib(arm_mat_sub_f32.o)
    0x000003bc   0x00000006   Code   RO          468    .text               c_p.l(heapauxi.o)
    0x000003c2   0x00000016   Code   RO          498    .text               c_p.l(_rserrno.o)
    0x000003d8   0x00000008   Code   RO          525    .text               c_p.l(rt_errno_addr_intlibspace.o)
    0x000003e0   0x00000010   Code   RO          529    .text               fz_ps.l(fnan2.o)
    0x000003f0   0x00000008   Code   RO          531    .text               c_p.l(libspace.o)
    0x000003f8   0x00000002   Code   RO          624    .text               c_p.l(use_no_semi.o)
    0x000003fa   0x00000000   Code   RO          626    .text               c_p.l(indicate_semi.o)
    0x000003fa   0x00000002   Code   RO            6    i.kalmanGetSensors  kalman.o
    0x000003fc   0x00000000   Code   RO          504    x$fpl$usenofp       fz_ps.l(usenofp.o)
    0x000003fc   0x00000004   PAD
    0x00000400   0x00000010   Code   RO          279    .ARM.__at_0x400     startup_mkl25z4.o
    0x00000410   0x00000378   Code   RO          384    .text               arm_cortexM0l_math.lib(arm_mat_inverse_f32.o)
    0x00000788   0x00000084   Code   RO          444    .text               arm_cortexM0l_math.lib(arm_mat_trans_f32.o)
    0x0000080c   0x000001e8   Code   RO          464    .text               c_p.l(aeabi_sdivfast.o)
    0x000009f4   0x00000160   Code   RO          478    .text               fz_ps.l(fdiv.o)
    0x00000b54   0x00000064   Code   RO          500    .text               fz_ps.l(fcmpin.o)
    0x00000bb8   0x00000090   Code   RO          502    .text               fz_ps.l(fsqrt.o)
    0x00000c48   0x0000002e   Code   RO          527    .text               fz_ps.l(cmpret.o)
    0x00000c76   0x0000003e   Code   RO          534    .text               c_p.l(sys_stackheap_outer.o)
    0x00000cb4   0x00000010   Code   RO          537    .text               c_p.l(exit.o)
    0x00000cc4   0x0000005e   Code   RO          549    .text               fz_ps.l(retnan.o)
    0x00000d22   0x00000002   PAD
    0x00000d24   0x0000000c   Code   RO          605    .text               c_p.l(sys_exit.o)
    0x00000d30   0x00000056   Code   RO          678    .text               c_p.l(__dczerorl2.o)
    0x00000d86   0x00000002   PAD
    0x00000d88   0x0000000c   Code   RO          289    i.SystemInit        system_mkl25z4.o
    0x00000d94   0x000002d4   Code   RO            3    i.jacobianAph1      kalman.o
    0x00001068   0x000001d8   Code   RO            4    i.jacobianHph1      kalman.o
    0x00001240   0x0000024c   Code   RO            5    i.kalmanF           kalman.o
    0x0000148c   0x00000218   Code   RO            7    i.kalmanInit        kalman.o
    0x000016a4   0x000001dc   Code   RO            8    i.kalmanInitializeStateVec  kalman.o
    0x00001880   0x000000f0   Code   RO            9    i.kalmanInv         kalman.o
    0x00001970   0x000002a0   Code   RO           10    i.kalmanStep        kalman.o
    0x00001c10   0x0000003c   Code   RO           97    i.main              main.o
    0x00001c4c   0x00000034   Code   RO          237    i.recVec            serial_com.o
    0x00001c80   0x0000001c   Code   RO          238    i.reshapeParts      serial_com.o
    0x00001c9c   0x00000028   Code   RO          239    i.sendInParts       serial_com.o
    0x00001cc4   0x0000001a   Code   RO          240    i.sendVec           serial_com.o
    0x00001cde   0x0000002c   Code   RO          486    i.sqrtf             m_ps.l(sqrtf.o)
    0x00001d0a   0x00000014   Code   RO          160    i.uart_getchar      uart.o
    0x00001d1e   0x00000002   PAD
    0x00001d20   0x00000048   Code   RO           98    i.uart_gpio_init    main.o
    0x00001d68   0x00000070   Code   RO          161    i.uart_init         uart.o
    0x00001dd8   0x00000016   Code   RO          162    i.uart_putchar      uart.o
    0x00001dee   0x00000002   PAD
    0x00001df0   0x0000008c   Code   RO          472    x$fpl$fadd          fz_ps.l(faddsub.o)
    0x00001e7c   0x000000b0   Code   RO          481    x$fpl$fmul          fz_ps.l(fmul.o)
    0x00001f2c   0x00000058   Code   RO          483    x$fpl$frleqf        fz_ps.l(frlef.o)
    0x00001f84   0x00000018   Code   RO          473    x$fpl$frsb          fz_ps.l(faddsub.o)
    0x00001f9c   0x000000d0   Code   RO          474    x$fpl$fsub          fz_ps.l(faddsub.o)
    0x0000206c   0x00000040   Data   RO          479    .constdata          fz_ps.l(fdiv.o)
    0x000020ac   0x00000020   Data   RO          676    Region$$Table       anon$$obj.o


    Execution Region ER_RW (Base: 0x1ffff000, Size: 0x00000fdc, Max: 0xffffffff, ABSOLUTE, COMPRESSED[0x000000d0])

    Base Addr    Size         Type   Attr      Idx    E Section Name        Object

    0x1ffff000   0x00000fd8   Data   RW           12    .data               kalman.o
    0x1fffffd8   0x00000004   Data   RW          241    .data               serial_com.o


    Execution Region ER_ZI (Base: 0x1fffffdc, Size: 0x00000624, Max: 0xffffffff, ABSOLUTE)

    Base Addr    Size         Type   Attr      Idx    E Section Name        Object

    0x1fffffdc   0x000004c0   Zero   RW           11    .bss                kalman.o
    0x2000049c   0x00000060   Zero   RW          532    .bss                c_p.l(libspace.o)
    0x200004fc   0x00000004   PAD
    0x20000500   0x00000000   Zero   RW          277    HEAP                startup_mkl25z4.o
    0x20000500   0x00000100   Zero   RW          276    STACK               startup_mkl25z4.o


==============================================================================

Image component sizes


      Code (inc. data)   RO Data    RW Data    ZI Data      Debug   Object Name

      3710        378          0       4056       1216      29823   kalman.o
       132         26          0          0          0     231435   main.o
       146         18          0          4          0       2626   serial_com.o
        80         44        192          0        256        844   startup_mkl25z4.o
        12          4          0          0          0        421   system_mkl25z4.o
       154         12          0          0          0       1574   uart.o

    ----------------------------------------------------------------------
      4238        482        224       4060       1472     266723   Object Totals
         0          0         32          0          0          0   (incl. Generated)
         4          0          0          0          0          0   (incl. Padding)

    ----------------------------------------------------------------------

      Code (inc. data)   RO Data    RW Data    ZI Data      Debug   Library Member Name

       148          4          0          0          0      19670   arm_mat_add_f32.o
         8          0          0          0          0        943   arm_mat_init_f32.o
       888          4          0          0          0       4178   arm_mat_inverse_f32.o
       260          0          0          0          0       2015   arm_mat_mult_f32.o
       148          4          0          0          0       1498   arm_mat_sub_f32.o
       132          0          0          0          0       1880   arm_mat_trans_f32.o
        86          0          0          0          0          0   __dczerorl2.o
         8          0          0          0          0         68   __main.o
         0          0          0          0          0          0   __rtentry.o
        12          0          0          0          0          0   __rtentry2.o
         6          0          0          0          0          0   __rtentry4.o
        60          8          0          0          0          0   __scatter.o
        28          0          0          0          0          0   __scatter_zi.o
        22          0          0          0          0         92   _rserrno.o
       488          0          0          0          0         92   aeabi_sdivfast.o
        16          0          0          0          0         68   exit.o
         6          0          0          0          0        136   heapauxi.o
         0          0          0          0          0          0   indicate_semi.o
         2          0          0          0          0          0   libinit.o
         2          0          0          0          0          0   libinit2.o
         2          0          0          0          0          0   libshutdown.o
         2          0          0          0          0          0   libshutdown2.o
         8          4          0          0         96         68   libspace.o
         8          4          0          0          0         68   rt_errno_addr_intlibspace.o
         2          0          0          0          0          0   rtexit.o
        10          0          0          0          0          0   rtexit2.o
        12          4          0          0          0         60   sys_exit.o
        62          0          0          0          0         80   sys_stackheap_outer.o
         2          0          0          0          0         68   use_no_semi.o
        46          0          0          0          0         60   cmpret.o
       372          8          0          0          0        240   faddsub.o
       100          4          0          0          0         68   fcmpin.o
       352         10         64          0          0         92   fdiv.o
       176          4          0          0          0         80   fmul.o
        16          6          0          0          0         68   fnan2.o
        88          4          0          0          0         76   frlef.o
       144          4          0          0          0         72   fsqrt.o
        94          0          0          0          0         68   retnan.o
         0          0          0          0          0          0   usenofp.o
        44          0          0          0          0         72   sqrtf.o

    ----------------------------------------------------------------------
      3870         72         64          0        100      31880   Library Totals
        10          0          0          0          4          0   (incl. Padding)

    ----------------------------------------------------------------------

      Code (inc. data)   RO Data    RW Data    ZI Data      Debug   Library Name

      1584         12          0          0          0      30184   arm_cortexM0l_math.lib
       844         20          0          0         96        800   c_p.l
      1388         40         64          0          0        824   fz_ps.l
        44          0          0          0          0         72   m_ps.l

    ----------------------------------------------------------------------
      3870         72         64          0        100      31880   Library Totals

    ----------------------------------------------------------------------

==============================================================================


      Code (inc. data)   RO Data    RW Data    ZI Data      Debug   

      8108        554        288       4060       1572     296919   Grand Totals
      8108        554        288        208       1572     296919   ELF Image Totals (compressed)
      8108        554        288        208          0          0   ROM Totals

==============================================================================

    Total RO  Size (Code + RO Data)                 8396 (   8.20kB)
    Total RW  Size (RW Data + ZI Data)              5632 (   5.50kB)
    Total ROM Size (Code + RO Data + RW Data)       8604 (   8.40kB)

==============================================================================

