Component: ARM Compiler 5.06 update 4 (build 422) Tool: armlink [4d35d2]

==============================================================================

Section Cross References

    kalman.o(i.jacobianAph1) refers to fdiv.o(.text) for __aeabi_fdiv
    kalman.o(i.jacobianAph1) refers to fmul.o(x$fpl$fmul) for __aeabi_fmul
    kalman.o(i.jacobianAph1) refers to faddsub.o(x$fpl$fsub) for __aeabi_fsub
    kalman.o(i.jacobianAph1) refers to arm_mat_trans_f32.o(.text) for arm_mat_trans_f32
    kalman.o(i.jacobianAph1) refers to kalman.o(.data) for sampleTime
    kalman.o(i.jacobianHph1) refers to fmul.o(x$fpl$fmul) for __aeabi_fmul
    kalman.o(i.jacobianHph1) refers to faddsub.o(x$fpl$fsub) for __aeabi_fsub
    kalman.o(i.jacobianHph1) refers to faddsub.o(x$fpl$fadd) for __aeabi_fadd
    kalman.o(i.jacobianHph1) refers to arm_mat_trans_f32.o(.text) for arm_mat_trans_f32
    kalman.o(i.jacobianHph1) refers to kalman.o(.data) for H_k
    kalman.o(i.kalmanF) refers to fmul.o(x$fpl$fmul) for __aeabi_fmul
    kalman.o(i.kalmanF) refers to faddsub.o(x$fpl$fsub) for __aeabi_fsub
    kalman.o(i.kalmanF) refers to fdiv.o(.text) for __aeabi_fdiv
    kalman.o(i.kalmanF) refers to faddsub.o(x$fpl$fadd) for __aeabi_fadd
    kalman.o(i.kalmanF) refers to kalman.o(.data) for sampleTime
    kalman.o(i.kalmanGetSensors) refers to kalman.o(.data) for Z_k
    kalman.o(i.kalmanInit) refers to arm_mat_init_f32.o(.text) for arm_mat_init_f32
    kalman.o(i.kalmanInit) refers to arm_mat_trans_f32.o(.text) for arm_mat_trans_f32
    kalman.o(i.kalmanInit) refers to kalman.o(i.kalmanInitializeStateVec) for kalmanInitializeStateVec
    kalman.o(i.kalmanInit) refers to kalman.o(.bss) for X_k_data
    kalman.o(i.kalmanInit) refers to kalman.o(.data) for X_k
    kalman.o(i.kalmanInitializeStateVec) refers to kalman.o(i.kalmanGetSensors) for kalmanGetSensors
    kalman.o(i.kalmanInitializeStateVec) refers to fmul.o(x$fpl$fmul) for __aeabi_fmul
    kalman.o(i.kalmanInitializeStateVec) refers to faddsub.o(x$fpl$fadd) for __aeabi_fadd
    kalman.o(i.kalmanInitializeStateVec) refers to frlef.o(x$fpl$frleqf) for __aeabi_cfrcmple
    kalman.o(i.kalmanInitializeStateVec) refers to sqrtf.o(i.sqrtf) for sqrtf
    kalman.o(i.kalmanInitializeStateVec) refers to fdiv.o(.text) for __aeabi_fdiv
    kalman.o(i.kalmanInitializeStateVec) refers to kalman.o(.data) for Z_k
    kalman.o(i.kalmanInv) refers to fmul.o(x$fpl$fmul) for __aeabi_fmul
    kalman.o(i.kalmanInv) refers to faddsub.o(x$fpl$fsub) for __aeabi_fsub
    kalman.o(i.kalmanInv) refers to faddsub.o(x$fpl$frsb) for __aeabi_frsub
    kalman.o(i.kalmanInv) refers to faddsub.o(x$fpl$fadd) for __aeabi_fadd
    kalman.o(i.kalmanInv) refers to fdiv.o(.text) for __aeabi_fdiv
    kalman.o(i.kalmanInv) refers to kalman.o(.data) for Z_k
    kalman.o(i.kalmanStep) refers to kalman.o(i.kalmanF) for kalmanF
    kalman.o(i.kalmanStep) refers to kalman.o(i.jacobianAph1) for jacobianAph1
    kalman.o(i.kalmanStep) refers to arm_mat_mult_f32.o(.text) for arm_mat_mult_f32
    kalman.o(i.kalmanStep) refers to arm_mat_add_f32.o(.text) for arm_mat_add_f32
    kalman.o(i.kalmanStep) refers to kalman.o(i.jacobianHph1) for jacobianHph1
    kalman.o(i.kalmanStep) refers to arm_mat_inverse_f32.o(.text) for arm_mat_inverse_f32
    kalman.o(i.kalmanStep) refers to kalman.o(i.kalmanGetSensors) for kalmanGetSensors
    kalman.o(i.kalmanStep) refers to kalman.o(i.kalmanInv) for kalmanInv
    kalman.o(i.kalmanStep) refers to arm_mat_sub_f32.o(.text) for arm_mat_sub_f32
    kalman.o(i.kalmanStep) refers to kalman.o(.data) for X_k
    main.o(i.main) refers to kalman.o(i.kalmanInit) for kalmanInit
    startup_mkl25z4.o(STACK) refers (Special) to heapauxi.o(.text) for __use_two_region_memory
    startup_mkl25z4.o(HEAP) refers (Special) to heapauxi.o(.text) for __use_two_region_memory
    startup_mkl25z4.o(RESET) refers (Special) to heapauxi.o(.text) for __use_two_region_memory
    startup_mkl25z4.o(RESET) refers to startup_mkl25z4.o(STACK) for __initial_sp
    startup_mkl25z4.o(RESET) refers to startup_mkl25z4.o(.text) for Reset_Handler
    startup_mkl25z4.o(.ARM.__at_0x400) refers (Special) to heapauxi.o(.text) for __use_two_region_memory
    startup_mkl25z4.o(.text) refers (Special) to heapauxi.o(.text) for __use_two_region_memory
    startup_mkl25z4.o(.text) refers to system_mkl25z4.o(i.SystemInit) for SystemInit
    startup_mkl25z4.o(.text) refers to __main.o(!!!main) for __main
    startup_mkl25z4.o(.text) refers to startup_mkl25z4.o(HEAP) for Heap_Mem
    startup_mkl25z4.o(.text) refers to startup_mkl25z4.o(STACK) for Stack_Mem
    system_mkl25z4.o(i.SystemCoreClockUpdate) refers to aeabi_sdivfast.o(.text) for __aeabi_uidivmod
    system_mkl25z4.o(i.SystemCoreClockUpdate) refers to system_mkl25z4.o(i.__ARM_common_switch8) for __ARM_common_switch8
    system_mkl25z4.o(i.SystemCoreClockUpdate) refers to system_mkl25z4.o(.data) for SystemCoreClock
    arm_mat_add_f32.o(.text) refers to faddsub.o(x$fpl$fadd) for __aeabi_fadd
    arm_mat_inverse_f32.o(.text) refers to fdiv.o(.text) for __aeabi_fdiv
    arm_mat_inverse_f32.o(.text) refers to fmul.o(x$fpl$fmul) for __aeabi_fmul
    arm_mat_inverse_f32.o(.text) refers to faddsub.o(x$fpl$frsb) for __aeabi_frsub
    arm_mat_mult_f32.o(.text) refers to fmul.o(x$fpl$fmul) for __aeabi_fmul
    arm_mat_mult_f32.o(.text) refers to faddsub.o(x$fpl$fadd) for __aeabi_fadd
    arm_mat_sub_f32.o(.text) refers to faddsub.o(x$fpl$fsub) for __aeabi_fsub
    __main.o(!!!main) refers to __rtentry.o(.ARM.Collect$$rtentry$$00000000) for __rt_entry
    faddsub.o(x$fpl$fadd) refers (Special) to usenofp.o(x$fpl$usenofp) for __I$use$fp
    faddsub.o(x$fpl$fadd) refers to faddsub.o(x$fpl$fsub) for _fsub1
    faddsub.o(x$fpl$frsb) refers (Special) to usenofp.o(x$fpl$usenofp) for __I$use$fp
    faddsub.o(x$fpl$frsb) refers to faddsub.o(x$fpl$fsub) for _fsub1
    faddsub.o(x$fpl$frsb) refers to faddsub.o(x$fpl$fadd) for _fadd1
    faddsub.o(x$fpl$fsub) refers (Special) to usenofp.o(x$fpl$usenofp) for __I$use$fp
    faddsub.o(x$fpl$fsub) refers to faddsub.o(x$fpl$fadd) for _fadd1
    fdiv.o(.text) refers (Special) to usenofp.o(x$fpl$usenofp) for __I$use$fp
    fdiv.o(.text) refers to fdiv.o(.constdata) for .constdata
    fdiv.o(.constdata) refers (Special) to usenofp.o(x$fpl$usenofp) for __I$use$fp
    fmul.o(x$fpl$fmul) refers (Special) to usenofp.o(x$fpl$usenofp) for __I$use$fp
    frlef.o(x$fpl$frleqf) refers (Special) to usenofp.o(x$fpl$usenofp) for __I$use$fp
    frlef.o(x$fpl$frleqf) refers to fcmpin.o(.text) for __fpl_fcmp_InfNaN
    sqrtf.o(i.__softfp_sqrtf) refers (Special) to usenofp.o(x$fpl$usenofp) for __I$use$fp
    sqrtf.o(i.__softfp_sqrtf) refers to fsqrt.o(.text) for _fsqrt
    sqrtf.o(i.__softfp_sqrtf) refers to _rserrno.o(.text) for __set_errno
    sqrtf.o(i.sqrtf) refers (Special) to usenofp.o(x$fpl$usenofp) for __I$use$fp
    sqrtf.o(i.sqrtf) refers to fsqrt.o(.text) for _fsqrt
    sqrtf.o(i.sqrtf) refers to _rserrno.o(.text) for __set_errno
    sqrtf_x.o(i.____softfp_sqrtf$lsc) refers (Special) to usenofp.o(x$fpl$usenofp) for __I$use$fp
    sqrtf_x.o(i.____softfp_sqrtf$lsc) refers to _rserrno.o(.text) for __set_errno
    sqrtf_x.o(i.____softfp_sqrtf$lsc) refers to fsqrt.o(.text) for _fsqrt
    sqrtf_x.o(i.__sqrtf$lsc) refers (Special) to usenofp.o(x$fpl$usenofp) for __I$use$fp
    sqrtf_x.o(i.__sqrtf$lsc) refers to _rserrno.o(.text) for __set_errno
    sqrtf_x.o(i.__sqrtf$lsc) refers to fsqrt.o(.text) for _fsqrt
    __rtentry.o(.ARM.Collect$$rtentry$$00000000) refers (Special) to __rtentry2.o(.ARM.Collect$$rtentry$$0000000A) for __rt_entry_li
    __rtentry.o(.ARM.Collect$$rtentry$$00000000) refers (Special) to __rtentry2.o(.ARM.Collect$$rtentry$$0000000D) for __rt_entry_main
    __rtentry.o(.ARM.Collect$$rtentry$$00000000) refers (Special) to __rtentry2.o(.ARM.Collect$$rtentry$$0000000C) for __rt_entry_postli_1
    __rtentry.o(.ARM.Collect$$rtentry$$00000000) refers (Special) to __rtentry2.o(.ARM.Collect$$rtentry$$00000009) for __rt_entry_postsh_1
    __rtentry.o(.ARM.Collect$$rtentry$$00000000) refers (Special) to __rtentry2.o(.ARM.Collect$$rtentry$$00000002) for __rt_entry_presh_1
    __rtentry.o(.ARM.Collect$$rtentry$$00000000) refers (Special) to __rtentry4.o(.ARM.Collect$$rtentry$$00000004) for __rt_entry_sh
    aeabi_idiv0_sigfpe.o(.text) refers to rt_div0.o(.text) for __rt_div0
    _rserrno.o(.text) refers to rt_errno_addr_intlibspace.o(.text) for __aeabi_errno_addr
    fcmpin.o(.text) refers (Special) to usenofp.o(x$fpl$usenofp) for __I$use$fp
    fcmpin.o(.text) refers to cmpret.o(.text) for __fpl_cmpreturn
    fcmpin.o(.text) refers to fnan2.o(.text) for __fpl_fcheck_NaN2
    fsqrt.o(.text) refers (Special) to usenofp.o(x$fpl$usenofp) for __I$use$fp
    __rtentry2.o(.ARM.Collect$$rtentry$$00000008) refers to boardinit2.o(.text) for _platform_post_stackheap_init
    __rtentry2.o(.ARM.Collect$$rtentry$$0000000A) refers to libinit.o(.ARM.Collect$$libinit$$00000000) for __rt_lib_init
    __rtentry2.o(.ARM.Collect$$rtentry$$0000000B) refers to boardinit3.o(.text) for _platform_post_lib_init
    __rtentry2.o(.ARM.Collect$$rtentry$$0000000D) refers to main.o(i.main) for main
    __rtentry2.o(.ARM.Collect$$rtentry$$0000000D) refers to exit.o(.text) for exit
    __rtentry2.o(.ARM.exidx) refers to __rtentry2.o(.ARM.Collect$$rtentry$$00000001) for .ARM.Collect$$rtentry$$00000001
    __rtentry2.o(.ARM.exidx) refers to __rtentry2.o(.ARM.Collect$$rtentry$$00000008) for .ARM.Collect$$rtentry$$00000008
    __rtentry2.o(.ARM.exidx) refers to __rtentry2.o(.ARM.Collect$$rtentry$$0000000A) for .ARM.Collect$$rtentry$$0000000A
    __rtentry2.o(.ARM.exidx) refers to __rtentry2.o(.ARM.Collect$$rtentry$$0000000B) for .ARM.Collect$$rtentry$$0000000B
    __rtentry2.o(.ARM.exidx) refers to __rtentry2.o(.ARM.Collect$$rtentry$$0000000D) for .ARM.Collect$$rtentry$$0000000D
    __rtentry4.o(.ARM.Collect$$rtentry$$00000004) refers to sys_stackheap_outer.o(.text) for __user_setup_stackheap
    __rtentry4.o(.ARM.exidx) refers to __rtentry4.o(.ARM.Collect$$rtentry$$00000004) for .ARM.Collect$$rtentry$$00000004
    rt_div0.o(.text) refers to defsig_fpe_outer.o(.text) for __rt_SIGFPE
    rt_errno_addr.o(.text) refers to rt_errno_addr.o(.bss) for __aeabi_errno_addr_data
    rt_errno_addr_intlibspace.o(.text) refers to libspace.o(.bss) for __libspace_start
    cmpret.o(.text) refers (Special) to usenofp.o(x$fpl$usenofp) for __I$use$fp
    fnan2.o(.text) refers (Special) to usenofp.o(x$fpl$usenofp) for __I$use$fp
    fnan2.o(.text) refers to retnan.o(.text) for __fpl_return_NaN
    libspace.o(.text) refers to libspace.o(.bss) for __libspace_start
    sys_stackheap_outer.o(.text) refers to libspace.o(.text) for __user_perproc_libspace
    sys_stackheap_outer.o(.text) refers to startup_mkl25z4.o(.text) for __user_initial_stackheap
    sys_stackheap_outer.o(__vectab_stack_and_reset_area) refers to tempstk.o(.text) for __temporary_stack_top
    sys_stackheap_outer.o(__vectab_stack_and_reset_area) refers to __main.o(!!!main) for __main
    exit.o(.text) refers to rtexit.o(.ARM.Collect$$rtexit$$00000000) for __rt_exit
    defsig_fpe_outer.o(.text) refers to defsig_fpe_inner.o(.text) for __rt_SIGFPE_inner
    defsig_fpe_outer.o(.text) refers to defsig_exit.o(.text) for __sig_exit
    defsig_fpe_formal.o(.text) refers to rt_raise.o(.text) for __rt_raise
    libinit.o(.ARM.Collect$$libinit$$00000000) refers (Special) to libinit2.o(.ARM.Collect$$libinit$$0000002E) for __rt_lib_init_alloca_1
    libinit.o(.ARM.Collect$$libinit$$00000000) refers (Special) to libinit2.o(.ARM.Collect$$libinit$$0000002C) for __rt_lib_init_argv_1
    libinit.o(.ARM.Collect$$libinit$$00000000) refers (Special) to libinit2.o(.ARM.Collect$$libinit$$0000001B) for __rt_lib_init_atexit_1
    libinit.o(.ARM.Collect$$libinit$$00000000) refers (Special) to libinit2.o(.ARM.Collect$$libinit$$00000021) for __rt_lib_init_clock_1
    libinit.o(.ARM.Collect$$libinit$$00000000) refers (Special) to libinit2.o(.ARM.Collect$$libinit$$00000032) for __rt_lib_init_cpp_1
    libinit.o(.ARM.Collect$$libinit$$00000000) refers (Special) to libinit2.o(.ARM.Collect$$libinit$$00000030) for __rt_lib_init_exceptions_1
    libinit.o(.ARM.Collect$$libinit$$00000000) refers (Special) to libinit2.o(.ARM.Collect$$libinit$$00000002) for __rt_lib_init_fp_1
    libinit.o(.ARM.Collect$$libinit$$00000000) refers (Special) to libinit2.o(.ARM.Collect$$libinit$$0000001F) for __rt_lib_init_fp_trap_1
    libinit.o(.ARM.Collect$$libinit$$00000000) refers (Special) to libinit2.o(.ARM.Collect$$libinit$$00000023) for __rt_lib_init_getenv_1
    libinit.o(.ARM.Collect$$libinit$$00000000) refers (Special) to libinit2.o(.ARM.Collect$$libinit$$0000000A) for __rt_lib_init_heap_1
    libinit.o(.ARM.Collect$$libinit$$00000000) refers (Special) to libinit2.o(.ARM.Collect$$libinit$$00000011) for __rt_lib_init_lc_collate_1
    libinit.o(.ARM.Collect$$libinit$$00000000) refers (Special) to libinit2.o(.ARM.Collect$$libinit$$00000013) for __rt_lib_init_lc_ctype_1
    libinit.o(.ARM.Collect$$libinit$$00000000) refers (Special) to libinit2.o(.ARM.Collect$$libinit$$00000015) for __rt_lib_init_lc_monetary_1
    libinit.o(.ARM.Collect$$libinit$$00000000) refers (Special) to libinit2.o(.ARM.Collect$$libinit$$00000017) for __rt_lib_init_lc_numeric_1
    libinit.o(.ARM.Collect$$libinit$$00000000) refers (Special) to libinit2.o(.ARM.Collect$$libinit$$00000019) for __rt_lib_init_lc_time_1
    libinit.o(.ARM.Collect$$libinit$$00000000) refers (Special) to libinit2.o(.ARM.Collect$$libinit$$00000004) for __rt_lib_init_preinit_1
    libinit.o(.ARM.Collect$$libinit$$00000000) refers (Special) to libinit2.o(.ARM.Collect$$libinit$$0000000E) for __rt_lib_init_rand_1
    libinit.o(.ARM.Collect$$libinit$$00000000) refers (Special) to libinit2.o(.ARM.Collect$$libinit$$00000033) for __rt_lib_init_return
    libinit.o(.ARM.Collect$$libinit$$00000000) refers (Special) to libinit2.o(.ARM.Collect$$libinit$$0000001D) for __rt_lib_init_signal_1
    libinit.o(.ARM.Collect$$libinit$$00000000) refers (Special) to libinit2.o(.ARM.Collect$$libinit$$00000025) for __rt_lib_init_stdio_1
    libinit.o(.ARM.Collect$$libinit$$00000000) refers (Special) to libinit2.o(.ARM.Collect$$libinit$$0000000C) for __rt_lib_init_user_alloc_1
    retnan.o(.text) refers (Special) to usenofp.o(x$fpl$usenofp) for __I$use$fp
    retnan.o(.text) refers to cmpret.o(.text) for __fpl_cmpreturn
    rtexit.o(.ARM.Collect$$rtexit$$00000000) refers (Special) to rtexit2.o(.ARM.Collect$$rtexit$$00000004) for __rt_exit_exit
    rtexit.o(.ARM.Collect$$rtexit$$00000000) refers (Special) to rtexit2.o(.ARM.Collect$$rtexit$$00000003) for __rt_exit_ls
    rtexit.o(.ARM.Collect$$rtexit$$00000000) refers (Special) to rtexit2.o(.ARM.Collect$$rtexit$$00000002) for __rt_exit_prels_1
    rtexit.o(.ARM.exidx) refers (Special) to rtexit2.o(.ARM.Collect$$rtexit$$00000004) for __rt_exit_exit
    rtexit.o(.ARM.exidx) refers (Special) to rtexit2.o(.ARM.Collect$$rtexit$$00000003) for __rt_exit_ls
    rtexit.o(.ARM.exidx) refers (Special) to rtexit2.o(.ARM.Collect$$rtexit$$00000002) for __rt_exit_prels_1
    rtexit.o(.ARM.exidx) refers to rtexit.o(.ARM.Collect$$rtexit$$00000000) for .ARM.Collect$$rtexit$$00000000
    rt_raise.o(.text) refers to __raise.o(.text) for __raise
    rt_raise.o(.text) refers to sys_exit.o(.text) for _sys_exit
    defsig_exit.o(.text) refers to sys_exit.o(.text) for _sys_exit
    defsig_fpe_inner.o(.text) refers to defsig_general.o(.text) for __default_signal_display
    libinit2.o(.ARM.Collect$$libinit$$00000010) refers to libinit2.o(.ARM.Collect$$libinit$$0000000F) for .ARM.Collect$$libinit$$0000000F
    libinit2.o(.ARM.Collect$$libinit$$00000012) refers to libinit2.o(.ARM.Collect$$libinit$$0000000F) for .ARM.Collect$$libinit$$0000000F
    libinit2.o(.ARM.Collect$$libinit$$00000014) refers to libinit2.o(.ARM.Collect$$libinit$$0000000F) for .ARM.Collect$$libinit$$0000000F
    libinit2.o(.ARM.Collect$$libinit$$00000016) refers to libinit2.o(.ARM.Collect$$libinit$$0000000F) for .ARM.Collect$$libinit$$0000000F
    libinit2.o(.ARM.Collect$$libinit$$00000018) refers to libinit2.o(.ARM.Collect$$libinit$$0000000F) for .ARM.Collect$$libinit$$0000000F
    libinit2.o(.ARM.Collect$$libinit$$00000026) refers to argv_veneer.o(.text) for __ARM_argv_veneer
    libinit2.o(.ARM.Collect$$libinit$$00000027) refers to argv_veneer.o(.text) for __ARM_argv_veneer
    sys_exit.o(.text) refers (Special) to use_no_semi.o(.text) for __I$use$semihosting
    sys_exit.o(.text) refers (Special) to indicate_semi.o(.text) for __semihosting_library_function
    rtexit2.o(.ARM.Collect$$rtexit$$00000003) refers to libshutdown.o(.ARM.Collect$$libshutdown$$00000000) for __rt_lib_shutdown
    rtexit2.o(.ARM.Collect$$rtexit$$00000004) refers to sys_exit.o(.text) for _sys_exit
    rtexit2.o(.ARM.exidx) refers to rtexit2.o(.ARM.Collect$$rtexit$$00000001) for .ARM.Collect$$rtexit$$00000001
    rtexit2.o(.ARM.exidx) refers to rtexit2.o(.ARM.Collect$$rtexit$$00000003) for .ARM.Collect$$rtexit$$00000003
    rtexit2.o(.ARM.exidx) refers to rtexit2.o(.ARM.Collect$$rtexit$$00000004) for .ARM.Collect$$rtexit$$00000004
    __raise.o(.text) refers to defsig.o(CL$$defsig) for __default_signal_handler
    defsig_general.o(.text) refers to sys_wrch.o(.text) for _ttywrch
    sys_wrch.o(.text) refers (Special) to use_no_semi.o(.text) for __I$use$semihosting
    sys_wrch.o(.text) refers (Special) to indicate_semi.o(.text) for __semihosting_library_function
    defsig.o(CL$$defsig) refers to defsig_fpe_inner.o(.text) for __rt_SIGFPE_inner
    defsig.o(CL$$defsig) refers to defsig_rtmem_inner.o(.text) for __rt_SIGRTMEM_inner
    _get_argv_nomalloc.o(.text) refers (Special) to hrguard.o(.text) for __heap_region$guard
    _get_argv_nomalloc.o(.text) refers to defsig_rtmem_outer.o(.text) for __rt_SIGRTMEM
    _get_argv_nomalloc.o(.text) refers to sys_command.o(.text) for _sys_command_string
    libshutdown.o(.ARM.Collect$$libshutdown$$00000000) refers (Special) to libshutdown2.o(.ARM.Collect$$libshutdown$$00000002) for __rt_lib_shutdown_cpp_1
    libshutdown.o(.ARM.Collect$$libshutdown$$00000000) refers (Special) to libshutdown2.o(.ARM.Collect$$libshutdown$$00000007) for __rt_lib_shutdown_fp_trap_1
    libshutdown.o(.ARM.Collect$$libshutdown$$00000000) refers (Special) to libshutdown2.o(.ARM.Collect$$libshutdown$$0000000F) for __rt_lib_shutdown_heap_1
    libshutdown.o(.ARM.Collect$$libshutdown$$00000000) refers (Special) to libshutdown2.o(.ARM.Collect$$libshutdown$$00000010) for __rt_lib_shutdown_return
    libshutdown.o(.ARM.Collect$$libshutdown$$00000000) refers (Special) to libshutdown2.o(.ARM.Collect$$libshutdown$$0000000A) for __rt_lib_shutdown_signal_1
    libshutdown.o(.ARM.Collect$$libshutdown$$00000000) refers (Special) to libshutdown2.o(.ARM.Collect$$libshutdown$$00000004) for __rt_lib_shutdown_stdio_1
    libshutdown.o(.ARM.Collect$$libshutdown$$00000000) refers (Special) to libshutdown2.o(.ARM.Collect$$libshutdown$$0000000C) for __rt_lib_shutdown_user_alloc_1
    sys_command.o(.text) refers (Special) to use_no_semi.o(.text) for __I$use$semihosting
    sys_command.o(.text) refers (Special) to indicate_semi.o(.text) for __semihosting_library_function
    defsig_abrt_inner.o(.text) refers to defsig_general.o(.text) for __default_signal_display
    defsig_rtred_inner.o(.text) refers to defsig_general.o(.text) for __default_signal_display
    defsig_rtmem_inner.o(.text) refers to defsig_general.o(.text) for __default_signal_display
    defsig_rtmem_outer.o(.text) refers to defsig_rtmem_inner.o(.text) for __rt_SIGRTMEM_inner
    defsig_rtmem_outer.o(.text) refers to defsig_exit.o(.text) for __sig_exit
    defsig_rtmem_formal.o(.text) refers to rt_raise.o(.text) for __rt_raise
    defsig_stak_inner.o(.text) refers to defsig_general.o(.text) for __default_signal_display
    defsig_pvfn_inner.o(.text) refers to defsig_general.o(.text) for __default_signal_display
    defsig_cppl_inner.o(.text) refers to defsig_general.o(.text) for __default_signal_display
    defsig_segv_inner.o(.text) refers to defsig_general.o(.text) for __default_signal_display
    defsig_other.o(.text) refers to defsig_general.o(.text) for __default_signal_display


==============================================================================

Removing Unused input sections from the image.

    Removing kalman.o(.rev16_text), (4 bytes).
    Removing kalman.o(.revsh_text), (4 bytes).
    Removing kalman.o(i.jacobianAph1), (724 bytes).
    Removing kalman.o(i.jacobianHph1), (472 bytes).
    Removing kalman.o(i.kalmanF), (588 bytes).
    Removing kalman.o(i.kalmanInv), (240 bytes).
    Removing kalman.o(i.kalmanStep), (672 bytes).
    Removing main.o(.rev16_text), (4 bytes).
    Removing main.o(.revsh_text), (4 bytes).
    Removing system_mkl25z4.o(.rev16_text), (4 bytes).
    Removing system_mkl25z4.o(.revsh_text), (4 bytes).
    Removing system_mkl25z4.o(i.SystemCoreClockUpdate), (400 bytes).
    Removing system_mkl25z4.o(.data), (4 bytes).
    Removing arm_mat_add_f32.o(.rev16_text), (4 bytes).
    Removing arm_mat_add_f32.o(.revsh_text), (4 bytes).
    Removing arm_mat_add_f32.o(.text), (148 bytes).
    Removing arm_mat_init_f32.o(.rev16_text), (4 bytes).
    Removing arm_mat_init_f32.o(.revsh_text), (4 bytes).
    Removing arm_mat_inverse_f32.o(.rev16_text), (4 bytes).
    Removing arm_mat_inverse_f32.o(.revsh_text), (4 bytes).
    Removing arm_mat_inverse_f32.o(.text), (888 bytes).
    Removing arm_mat_mult_f32.o(.rev16_text), (4 bytes).
    Removing arm_mat_mult_f32.o(.revsh_text), (4 bytes).
    Removing arm_mat_mult_f32.o(.text), (260 bytes).
    Removing arm_mat_sub_f32.o(.rev16_text), (4 bytes).
    Removing arm_mat_sub_f32.o(.revsh_text), (4 bytes).
    Removing arm_mat_sub_f32.o(.text), (148 bytes).
    Removing arm_mat_trans_f32.o(.rev16_text), (4 bytes).
    Removing arm_mat_trans_f32.o(.revsh_text), (4 bytes).
    Removing system_mkl25z4.o(i.__ARM_common_switch8), (28 bytes).

30 unused section(s) (total 4644 bytes) removed from the image.

==============================================================================

Image Symbol Table

    Local Symbols

    Symbol Name                              Value     Ov Type        Size  Object(Section)

    RESET                                    0x00000000   Section      192  startup_mkl25z4.o(RESET)
    ../clib/../cmprslib/zerorunl2.c          0x00000000   Number         0  __dczerorl2.o ABSOLUTE
    ../clib/angel/boardlib.s                 0x00000000   Number         0  boardinit2.o ABSOLUTE
    ../clib/angel/boardlib.s                 0x00000000   Number         0  boardshut.o ABSOLUTE
    ../clib/angel/boardlib.s                 0x00000000   Number         0  boardinit3.o ABSOLUTE
    ../clib/angel/boardlib.s                 0x00000000   Number         0  boardinit1.o ABSOLUTE
    ../clib/angel/handlers.s                 0x00000000   Number         0  __scatter_zi.o ABSOLUTE
    ../clib/angel/kernel.s                   0x00000000   Number         0  __rtentry.o ABSOLUTE
    ../clib/angel/kernel.s                   0x00000000   Number         0  __rtentry4.o ABSOLUTE
    ../clib/angel/kernel.s                   0x00000000   Number         0  rtexit2.o ABSOLUTE
    ../clib/angel/kernel.s                   0x00000000   Number         0  __rtentry2.o ABSOLUTE
    ../clib/angel/kernel.s                   0x00000000   Number         0  rtexit.o ABSOLUTE
    ../clib/angel/rt.s                       0x00000000   Number         0  aeabi_idiv0.o ABSOLUTE
    ../clib/angel/rt.s                       0x00000000   Number         0  rt_div0.o ABSOLUTE
    ../clib/angel/rt.s                       0x00000000   Number         0  rt_errno_addr.o ABSOLUTE
    ../clib/angel/rt.s                       0x00000000   Number         0  rt_errno_addr_intlibspace.o ABSOLUTE
    ../clib/angel/rt.s                       0x00000000   Number         0  rt_raise.o ABSOLUTE
    ../clib/angel/rt.s                       0x00000000   Number         0  aeabi_idiv0_sigfpe.o ABSOLUTE
    ../clib/angel/scatterp.s                 0x00000000   Number         0  __scatter.o ABSOLUTE
    ../clib/angel/startup.s                  0x00000000   Number         0  __main.o ABSOLUTE
    ../clib/angel/sys.s                      0x00000000   Number         0  libspace.o ABSOLUTE
    ../clib/angel/sys.s                      0x00000000   Number         0  sys_stackheap_outer.o ABSOLUTE
    ../clib/angel/sys.s                      0x00000000   Number         0  tempstk.o ABSOLUTE
    ../clib/angel/sys.s                      0x00000000   Number         0  use_no_semi.o ABSOLUTE
    ../clib/angel/sys.s                      0x00000000   Number         0  indicate_semi.o ABSOLUTE
    ../clib/angel/sysapp.c                   0x00000000   Number         0  sys_command.o ABSOLUTE
    ../clib/angel/sysapp.c                   0x00000000   Number         0  sys_wrch.o ABSOLUTE
    ../clib/angel/sysapp.c                   0x00000000   Number         0  sys_exit.o ABSOLUTE
    ../clib/armsys.c                         0x00000000   Number         0  _get_argv_nomalloc.o ABSOLUTE
    ../clib/armsys.c                         0x00000000   Number         0  argv_veneer.o ABSOLUTE
    ../clib/armsys.c                         0x00000000   Number         0  no_argv.o ABSOLUTE
    ../clib/division.s                       0x00000000   Number         0  aeabi_sdivfast.o ABSOLUTE
    ../clib/division.s                       0x00000000   Number         0  aeabi_sdivfast_div0.o ABSOLUTE
    ../clib/fenv.c                           0x00000000   Number         0  _rserrno.o ABSOLUTE
    ../clib/heapalloc.c                      0x00000000   Number         0  hrguard.o ABSOLUTE
    ../clib/heapaux.c                        0x00000000   Number         0  heapauxi.o ABSOLUTE
    ../clib/libinit.s                        0x00000000   Number         0  libshutdown2.o ABSOLUTE
    ../clib/libinit.s                        0x00000000   Number         0  libshutdown.o ABSOLUTE
    ../clib/libinit.s                        0x00000000   Number         0  libinit2.o ABSOLUTE
    ../clib/libinit.s                        0x00000000   Number         0  libinit.o ABSOLUTE
    ../clib/signal.c                         0x00000000   Number         0  defsig_rtred_inner.o ABSOLUTE
    ../clib/signal.c                         0x00000000   Number         0  defsig_cppl_inner.o ABSOLUTE
    ../clib/signal.c                         0x00000000   Number         0  defsig_other.o ABSOLUTE
    ../clib/signal.c                         0x00000000   Number         0  defsig_exit.o ABSOLUTE
    ../clib/signal.c                         0x00000000   Number         0  defsig_fpe_inner.o ABSOLUTE
    ../clib/signal.c                         0x00000000   Number         0  defsig_pvfn_inner.o ABSOLUTE
    ../clib/signal.c                         0x00000000   Number         0  defsig_general.o ABSOLUTE
    ../clib/signal.c                         0x00000000   Number         0  defsig_stak_inner.o ABSOLUTE
    ../clib/signal.c                         0x00000000   Number         0  defsig_rtmem_formal.o ABSOLUTE
    ../clib/signal.c                         0x00000000   Number         0  defsig_rtmem_outer.o ABSOLUTE
    ../clib/signal.c                         0x00000000   Number         0  defsig_rtmem_inner.o ABSOLUTE
    ../clib/signal.c                         0x00000000   Number         0  defsig_segv_inner.o ABSOLUTE
    ../clib/signal.c                         0x00000000   Number         0  __raise.o ABSOLUTE
    ../clib/signal.c                         0x00000000   Number         0  defsig_abrt_inner.o ABSOLUTE
    ../clib/signal.c                         0x00000000   Number         0  defsig_fpe_formal.o ABSOLUTE
    ../clib/signal.c                         0x00000000   Number         0  defsig_fpe_outer.o ABSOLUTE
    ../clib/signal.s                         0x00000000   Number         0  defsig.o ABSOLUTE
    ../clib/stdlib.c                         0x00000000   Number         0  exit.o ABSOLUTE
    ../fplib/cfplib/cmpret.c                 0x00000000   Number         0  cmpret.o ABSOLUTE
    ../fplib/cfplib/fcmpin.c                 0x00000000   Number         0  fcmpin.o ABSOLUTE
    ../fplib/cfplib/fdiv.c                   0x00000000   Number         0  fdiv.o ABSOLUTE
    ../fplib/cfplib/fpinit.c                 0x00000000   Number         0  fpinit.o ABSOLUTE
    ../fplib/cfplib/fsqrt.c                  0x00000000   Number         0  fsqrt.o ABSOLUTE
    ../fplib/cfplib/nan2.c                   0x00000000   Number         0  fnan2.o ABSOLUTE
    ../fplib/cfplib/retnan.c                 0x00000000   Number         0  retnan.o ABSOLUTE
    ../fplib/faddsub6m.s                     0x00000000   Number         0  faddsub.o ABSOLUTE
    ../fplib/fmul6m.s                        0x00000000   Number         0  fmul.o ABSOLUTE
    ../fplib/frleqf6m.s                      0x00000000   Number         0  frlef.o ABSOLUTE
    ../fplib/usenofp.s                       0x00000000   Number         0  usenofp.o ABSOLUTE
    ../mathlib/sqrtf.c                       0x00000000   Number         0  sqrtf.o ABSOLUTE
    ../mathlib/sqrtf.c                       0x00000000   Number         0  sqrtf_x.o ABSOLUTE
    ..\..\Source\MatrixFunctions\arm_mat_add_f32.c 0x00000000   Number         0  arm_mat_add_f32.o ABSOLUTE
    ..\..\Source\MatrixFunctions\arm_mat_init_f32.c 0x00000000   Number         0  arm_mat_init_f32.o ABSOLUTE
    ..\..\Source\MatrixFunctions\arm_mat_inverse_f32.c 0x00000000   Number         0  arm_mat_inverse_f32.o ABSOLUTE
    ..\..\Source\MatrixFunctions\arm_mat_mult_f32.c 0x00000000   Number         0  arm_mat_mult_f32.o ABSOLUTE
    ..\..\Source\MatrixFunctions\arm_mat_sub_f32.c 0x00000000   Number         0  arm_mat_sub_f32.o ABSOLUTE
    ..\..\Source\MatrixFunctions\arm_mat_trans_f32.c 0x00000000   Number         0  arm_mat_trans_f32.o ABSOLUTE
    ..\\..\\Source\\MatrixFunctions\\arm_mat_add_f32.c 0x00000000   Number         0  arm_mat_add_f32.o ABSOLUTE
    ..\\..\\Source\\MatrixFunctions\\arm_mat_init_f32.c 0x00000000   Number         0  arm_mat_init_f32.o ABSOLUTE
    ..\\..\\Source\\MatrixFunctions\\arm_mat_inverse_f32.c 0x00000000   Number         0  arm_mat_inverse_f32.o ABSOLUTE
    ..\\..\\Source\\MatrixFunctions\\arm_mat_mult_f32.c 0x00000000   Number         0  arm_mat_mult_f32.o ABSOLUTE
    ..\\..\\Source\\MatrixFunctions\\arm_mat_sub_f32.c 0x00000000   Number         0  arm_mat_sub_f32.o ABSOLUTE
    ..\\..\\Source\\MatrixFunctions\\arm_mat_trans_f32.c 0x00000000   Number         0  arm_mat_trans_f32.o ABSOLUTE
    RTE\Device\MKL25Z128xxx4\startup_MKL25Z4.s 0x00000000   Number         0  startup_mkl25z4.o ABSOLUTE
    RTE\Device\MKL25Z128xxx4\system_MKL25Z4.c 0x00000000   Number         0  system_mkl25z4.o ABSOLUTE
    RTE\\Device\\MKL25Z128xxx4\\system_MKL25Z4.c 0x00000000   Number         0  system_mkl25z4.o ABSOLUTE
    dc.s                                     0x00000000   Number         0  dc.o ABSOLUTE
    kalman.c                                 0x00000000   Number         0  kalman.o ABSOLUTE
    kalman.c                                 0x00000000   Number         0  kalman.o ABSOLUTE
    main.c                                   0x00000000   Number         0  main.o ABSOLUTE
    main.c                                   0x00000000   Number         0  main.o ABSOLUTE
    !!!main                                  0x000000c0   Section        8  __main.o(!!!main)
    !!!scatter                               0x000000c8   Section       60  __scatter.o(!!!scatter)
    !!handler_zi                             0x00000104   Section       28  __scatter_zi.o(!!handler_zi)
    .ARM.Collect$$libinit$$00000000          0x00000120   Section        2  libinit.o(.ARM.Collect$$libinit$$00000000)
    .ARM.Collect$$libinit$$00000002          0x00000122   Section        0  libinit2.o(.ARM.Collect$$libinit$$00000002)
    .ARM.Collect$$libinit$$00000004          0x00000122   Section        0  libinit2.o(.ARM.Collect$$libinit$$00000004)
    .ARM.Collect$$libinit$$0000000A          0x00000122   Section        0  libinit2.o(.ARM.Collect$$libinit$$0000000A)
    .ARM.Collect$$libinit$$0000000C          0x00000122   Section        0  libinit2.o(.ARM.Collect$$libinit$$0000000C)
    .ARM.Collect$$libinit$$0000000E          0x00000122   Section        0  libinit2.o(.ARM.Collect$$libinit$$0000000E)
    .ARM.Collect$$libinit$$00000011          0x00000122   Section        0  libinit2.o(.ARM.Collect$$libinit$$00000011)
    .ARM.Collect$$libinit$$00000013          0x00000122   Section        0  libinit2.o(.ARM.Collect$$libinit$$00000013)
    .ARM.Collect$$libinit$$00000015          0x00000122   Section        0  libinit2.o(.ARM.Collect$$libinit$$00000015)
    .ARM.Collect$$libinit$$00000017          0x00000122   Section        0  libinit2.o(.ARM.Collect$$libinit$$00000017)
    .ARM.Collect$$libinit$$00000019          0x00000122   Section        0  libinit2.o(.ARM.Collect$$libinit$$00000019)
    .ARM.Collect$$libinit$$0000001B          0x00000122   Section        0  libinit2.o(.ARM.Collect$$libinit$$0000001B)
    .ARM.Collect$$libinit$$0000001D          0x00000122   Section        0  libinit2.o(.ARM.Collect$$libinit$$0000001D)
    .ARM.Collect$$libinit$$0000001F          0x00000122   Section        0  libinit2.o(.ARM.Collect$$libinit$$0000001F)
    .ARM.Collect$$libinit$$00000021          0x00000122   Section        0  libinit2.o(.ARM.Collect$$libinit$$00000021)
    .ARM.Collect$$libinit$$00000023          0x00000122   Section        0  libinit2.o(.ARM.Collect$$libinit$$00000023)
    .ARM.Collect$$libinit$$00000025          0x00000122   Section        0  libinit2.o(.ARM.Collect$$libinit$$00000025)
    .ARM.Collect$$libinit$$0000002C          0x00000122   Section        0  libinit2.o(.ARM.Collect$$libinit$$0000002C)
    .ARM.Collect$$libinit$$0000002E          0x00000122   Section        0  libinit2.o(.ARM.Collect$$libinit$$0000002E)
    .ARM.Collect$$libinit$$00000030          0x00000122   Section        0  libinit2.o(.ARM.Collect$$libinit$$00000030)
    .ARM.Collect$$libinit$$00000032          0x00000122   Section        0  libinit2.o(.ARM.Collect$$libinit$$00000032)
    .ARM.Collect$$libinit$$00000033          0x00000122   Section        2  libinit2.o(.ARM.Collect$$libinit$$00000033)
    .ARM.Collect$$libshutdown$$00000000      0x00000124   Section        2  libshutdown.o(.ARM.Collect$$libshutdown$$00000000)
    .ARM.Collect$$libshutdown$$00000002      0x00000126   Section        0  libshutdown2.o(.ARM.Collect$$libshutdown$$00000002)
    .ARM.Collect$$libshutdown$$00000004      0x00000126   Section        0  libshutdown2.o(.ARM.Collect$$libshutdown$$00000004)
    .ARM.Collect$$libshutdown$$00000007      0x00000126   Section        0  libshutdown2.o(.ARM.Collect$$libshutdown$$00000007)
    .ARM.Collect$$libshutdown$$0000000A      0x00000126   Section        0  libshutdown2.o(.ARM.Collect$$libshutdown$$0000000A)
    .ARM.Collect$$libshutdown$$0000000C      0x00000126   Section        0  libshutdown2.o(.ARM.Collect$$libshutdown$$0000000C)
    .ARM.Collect$$libshutdown$$0000000F      0x00000126   Section        0  libshutdown2.o(.ARM.Collect$$libshutdown$$0000000F)
    .ARM.Collect$$libshutdown$$00000010      0x00000126   Section        2  libshutdown2.o(.ARM.Collect$$libshutdown$$00000010)
    .ARM.Collect$$rtentry$$00000000          0x00000128   Section        0  __rtentry.o(.ARM.Collect$$rtentry$$00000000)
    .ARM.Collect$$rtentry$$00000002          0x00000128   Section        0  __rtentry2.o(.ARM.Collect$$rtentry$$00000002)
    .ARM.Collect$$rtentry$$00000004          0x00000128   Section        6  __rtentry4.o(.ARM.Collect$$rtentry$$00000004)
    .ARM.Collect$$rtentry$$00000009          0x0000012e   Section        0  __rtentry2.o(.ARM.Collect$$rtentry$$00000009)
    .ARM.Collect$$rtentry$$0000000A          0x0000012e   Section        4  __rtentry2.o(.ARM.Collect$$rtentry$$0000000A)
    .ARM.Collect$$rtentry$$0000000C          0x00000132   Section        0  __rtentry2.o(.ARM.Collect$$rtentry$$0000000C)
    .ARM.Collect$$rtentry$$0000000D          0x00000132   Section        8  __rtentry2.o(.ARM.Collect$$rtentry$$0000000D)
    .ARM.Collect$$rtexit$$00000000           0x0000013a   Section        2  rtexit.o(.ARM.Collect$$rtexit$$00000000)
    .ARM.Collect$$rtexit$$00000002           0x0000013c   Section        0  rtexit2.o(.ARM.Collect$$rtexit$$00000002)
    .ARM.Collect$$rtexit$$00000003           0x0000013c   Section        4  rtexit2.o(.ARM.Collect$$rtexit$$00000003)
    .ARM.Collect$$rtexit$$00000004           0x00000140   Section        6  rtexit2.o(.ARM.Collect$$rtexit$$00000004)
    .text                                    0x00000148   Section       64  startup_mkl25z4.o(.text)
    .text                                    0x00000188   Section        0  arm_mat_init_f32.o(.text)
    .text                                    0x00000190   Section        0  arm_mat_trans_f32.o(.text)
    .text                                    0x00000214   Section        0  heapauxi.o(.text)
    .text                                    0x0000021c   Section        0  fdiv.o(.text)
    .text                                    0x0000037c   Section        0  _rserrno.o(.text)
    .text                                    0x00000394   Section        0  fcmpin.o(.text)
    .text                                    0x000003f8   Section        8  rt_errno_addr_intlibspace.o(.text)
    .ARM.__at_0x400                          0x00000400   Section       16  startup_mkl25z4.o(.ARM.__at_0x400)
    .text                                    0x00000410   Section        0  fsqrt.o(.text)
    .text                                    0x000004a0   Section        0  cmpret.o(.text)
    .text                                    0x000004d0   Section        0  fnan2.o(.text)
    .text                                    0x000004e0   Section        8  libspace.o(.text)
    .text                                    0x000004e8   Section       62  sys_stackheap_outer.o(.text)
    .text                                    0x00000526   Section        0  exit.o(.text)
    .text                                    0x00000536   Section        0  retnan.o(.text)
    .text                                    0x00000594   Section        0  sys_exit.o(.text)
    .text                                    0x000005a0   Section        2  use_no_semi.o(.text)
    .text                                    0x000005a2   Section        0  indicate_semi.o(.text)
    .text                                    0x000005a2   Section        0  __dczerorl2.o(.text)
    i.SystemInit                             0x000005f8   Section        0  system_mkl25z4.o(i.SystemInit)
    i.kalmanGetSensors                       0x00000604   Section        0  kalman.o(i.kalmanGetSensors)
    i.kalmanInit                             0x00000630   Section        0  kalman.o(i.kalmanInit)
    i.kalmanInitializeStateVec               0x00000848   Section        0  kalman.o(i.kalmanInitializeStateVec)
    i.main                                   0x00000a24   Section        0  main.o(i.main)
    i.sqrtf                                  0x00000a2e   Section        0  sqrtf.o(i.sqrtf)
    x$fpl$fadd                               0x00000a5c   Section      140  faddsub.o(x$fpl$fadd)
    _fadd1                                   0x00000a69   Thumb Code     0  faddsub.o(x$fpl$fadd)
    x$fpl$fmul                               0x00000ae8   Section      176  fmul.o(x$fpl$fmul)
    x$fpl$frleqf                             0x00000b98   Section       88  frlef.o(x$fpl$frleqf)
    x$fpl$fsub                               0x00000bf0   Section      208  faddsub.o(x$fpl$fsub)
    _fsub1                                   0x00000bfd   Thumb Code     0  faddsub.o(x$fpl$fsub)
    .constdata                               0x00000cc0   Section       64  fdiv.o(.constdata)
    x$fpl$usenofp                            0x00000cc0   Section        0  usenofp.o(x$fpl$usenofp)
    fdiv_tab                                 0x00000cc0   Data          64  fdiv.o(.constdata)
    .data                                    0x1ffff000   Section     4056  kalman.o(.data)
    .bss                                     0x1fffffd8   Section     1216  kalman.o(.bss)
    .bss                                     0x20000498   Section       96  libspace.o(.bss)
    HEAP                                     0x200004f8   Section        0  startup_mkl25z4.o(HEAP)
    STACK                                    0x200004f8   Section      256  startup_mkl25z4.o(STACK)
    Heap_Mem                                 0x200004f8   Data           0  startup_mkl25z4.o(HEAP)
    Stack_Mem                                0x200004f8   Data         256  startup_mkl25z4.o(STACK)
    __initial_sp                             0x200005f8   Data           0  startup_mkl25z4.o(STACK)

    Global Symbols

    Symbol Name                              Value     Ov Type        Size  Object(Section)

    BuildAttributes$$THM_ISAv3M$S$PE$A:L22$X:L11$S22$IEEE1$IW$USESV6$~STKCKD$USESV7$~SHL$OTIME$ROPI$IEEEJ$EBA8$UX$STANDARDLIB$REQ8$PRES8$EABIv2 0x00000000   Number         0  anon$$obj.o ABSOLUTE
    __ARM_use_no_argv                        0x00000000   Number         0  main.o ABSOLUTE
    __Vectors                                0x00000000   Data           4  startup_mkl25z4.o(RESET)
    __ARM_exceptions_init                     - Undefined Weak Reference
    __alloca_initialize                       - Undefined Weak Reference
    __arm_preinit_                            - Undefined Weak Reference
    __cpp_initialize__aeabi_                  - Undefined Weak Reference
    __cxa_finalize                            - Undefined Weak Reference
    __rt_locale                               - Undefined Weak Reference
    __sigvec_lookup                           - Undefined Weak Reference
    _atexit_init                              - Undefined Weak Reference
    _call_atexit_fns                          - Undefined Weak Reference
    _clock_init                               - Undefined Weak Reference
    _fp_trap_init                             - Undefined Weak Reference
    _fp_trap_shutdown                         - Undefined Weak Reference
    _get_lc_collate                           - Undefined Weak Reference
    _get_lc_ctype                             - Undefined Weak Reference
    _get_lc_monetary                          - Undefined Weak Reference
    _get_lc_numeric                           - Undefined Weak Reference
    _get_lc_time                              - Undefined Weak Reference
    _getenv_init                              - Undefined Weak Reference
    _handle_redirection                       - Undefined Weak Reference
    _init_alloc                               - Undefined Weak Reference
    _init_user_alloc                          - Undefined Weak Reference
    _initio                                   - Undefined Weak Reference
    _rand_init                                - Undefined Weak Reference
    _signal_finish                            - Undefined Weak Reference
    _signal_init                              - Undefined Weak Reference
    _terminate_alloc                          - Undefined Weak Reference
    _terminate_user_alloc                     - Undefined Weak Reference
    _terminateio                              - Undefined Weak Reference
    __Vectors_End                            0x000000c0   Data           0  startup_mkl25z4.o(RESET)
    __Vectors_Size                           0x000000c0   Number         0  startup_mkl25z4.o ABSOLUTE
    __main                                   0x000000c1   Thumb Code     8  __main.o(!!!main)
    __scatterload                            0x000000c9   Thumb Code     0  __scatter.o(!!!scatter)
    __scatterload_rt2                        0x000000c9   Thumb Code    52  __scatter.o(!!!scatter)
    __scatterload_rt2_thumb_only             0x000000c9   Thumb Code     0  __scatter.o(!!!scatter)
    __scatterload_null                       0x000000d9   Thumb Code     0  __scatter.o(!!!scatter)
    __scatterload_zeroinit                   0x00000105   Thumb Code    28  __scatter_zi.o(!!handler_zi)
    __rt_lib_init                            0x00000121   Thumb Code     0  libinit.o(.ARM.Collect$$libinit$$00000000)
    __rt_lib_init_alloca_1                   0x00000123   Thumb Code     0  libinit2.o(.ARM.Collect$$libinit$$0000002E)
    __rt_lib_init_argv_1                     0x00000123   Thumb Code     0  libinit2.o(.ARM.Collect$$libinit$$0000002C)
    __rt_lib_init_atexit_1                   0x00000123   Thumb Code     0  libinit2.o(.ARM.Collect$$libinit$$0000001B)
    __rt_lib_init_clock_1                    0x00000123   Thumb Code     0  libinit2.o(.ARM.Collect$$libinit$$00000021)
    __rt_lib_init_cpp_1                      0x00000123   Thumb Code     0  libinit2.o(.ARM.Collect$$libinit$$00000032)
    __rt_lib_init_exceptions_1               0x00000123   Thumb Code     0  libinit2.o(.ARM.Collect$$libinit$$00000030)
    __rt_lib_init_fp_1                       0x00000123   Thumb Code     0  libinit2.o(.ARM.Collect$$libinit$$00000002)
    __rt_lib_init_fp_trap_1                  0x00000123   Thumb Code     0  libinit2.o(.ARM.Collect$$libinit$$0000001F)
    __rt_lib_init_getenv_1                   0x00000123   Thumb Code     0  libinit2.o(.ARM.Collect$$libinit$$00000023)
    __rt_lib_init_heap_1                     0x00000123   Thumb Code     0  libinit2.o(.ARM.Collect$$libinit$$0000000A)
    __rt_lib_init_lc_collate_1               0x00000123   Thumb Code     0  libinit2.o(.ARM.Collect$$libinit$$00000011)
    __rt_lib_init_lc_ctype_1                 0x00000123   Thumb Code     0  libinit2.o(.ARM.Collect$$libinit$$00000013)
    __rt_lib_init_lc_monetary_1              0x00000123   Thumb Code     0  libinit2.o(.ARM.Collect$$libinit$$00000015)
    __rt_lib_init_lc_numeric_1               0x00000123   Thumb Code     0  libinit2.o(.ARM.Collect$$libinit$$00000017)
    __rt_lib_init_lc_time_1                  0x00000123   Thumb Code     0  libinit2.o(.ARM.Collect$$libinit$$00000019)
    __rt_lib_init_preinit_1                  0x00000123   Thumb Code     0  libinit2.o(.ARM.Collect$$libinit$$00000004)
    __rt_lib_init_rand_1                     0x00000123   Thumb Code     0  libinit2.o(.ARM.Collect$$libinit$$0000000E)
    __rt_lib_init_return                     0x00000123   Thumb Code     0  libinit2.o(.ARM.Collect$$libinit$$00000033)
    __rt_lib_init_signal_1                   0x00000123   Thumb Code     0  libinit2.o(.ARM.Collect$$libinit$$0000001D)
    __rt_lib_init_stdio_1                    0x00000123   Thumb Code     0  libinit2.o(.ARM.Collect$$libinit$$00000025)
    __rt_lib_init_user_alloc_1               0x00000123   Thumb Code     0  libinit2.o(.ARM.Collect$$libinit$$0000000C)
    __rt_lib_shutdown                        0x00000125   Thumb Code     0  libshutdown.o(.ARM.Collect$$libshutdown$$00000000)
    __rt_lib_shutdown_cpp_1                  0x00000127   Thumb Code     0  libshutdown2.o(.ARM.Collect$$libshutdown$$00000002)
    __rt_lib_shutdown_fp_trap_1              0x00000127   Thumb Code     0  libshutdown2.o(.ARM.Collect$$libshutdown$$00000007)
    __rt_lib_shutdown_heap_1                 0x00000127   Thumb Code     0  libshutdown2.o(.ARM.Collect$$libshutdown$$0000000F)
    __rt_lib_shutdown_return                 0x00000127   Thumb Code     0  libshutdown2.o(.ARM.Collect$$libshutdown$$00000010)
    __rt_lib_shutdown_signal_1               0x00000127   Thumb Code     0  libshutdown2.o(.ARM.Collect$$libshutdown$$0000000A)
    __rt_lib_shutdown_stdio_1                0x00000127   Thumb Code     0  libshutdown2.o(.ARM.Collect$$libshutdown$$00000004)
    __rt_lib_shutdown_user_alloc_1           0x00000127   Thumb Code     0  libshutdown2.o(.ARM.Collect$$libshutdown$$0000000C)
    __rt_entry                               0x00000129   Thumb Code     0  __rtentry.o(.ARM.Collect$$rtentry$$00000000)
    __rt_entry_presh_1                       0x00000129   Thumb Code     0  __rtentry2.o(.ARM.Collect$$rtentry$$00000002)
    __rt_entry_sh                            0x00000129   Thumb Code     0  __rtentry4.o(.ARM.Collect$$rtentry$$00000004)
    __rt_entry_li                            0x0000012f   Thumb Code     0  __rtentry2.o(.ARM.Collect$$rtentry$$0000000A)
    __rt_entry_postsh_1                      0x0000012f   Thumb Code     0  __rtentry2.o(.ARM.Collect$$rtentry$$00000009)
    __rt_entry_main                          0x00000133   Thumb Code     0  __rtentry2.o(.ARM.Collect$$rtentry$$0000000D)
    __rt_entry_postli_1                      0x00000133   Thumb Code     0  __rtentry2.o(.ARM.Collect$$rtentry$$0000000C)
    __rt_exit                                0x0000013b   Thumb Code     0  rtexit.o(.ARM.Collect$$rtexit$$00000000)
    __rt_exit_ls                             0x0000013d   Thumb Code     0  rtexit2.o(.ARM.Collect$$rtexit$$00000003)
    __rt_exit_prels_1                        0x0000013d   Thumb Code     0  rtexit2.o(.ARM.Collect$$rtexit$$00000002)
    __rt_exit_exit                           0x00000141   Thumb Code     0  rtexit2.o(.ARM.Collect$$rtexit$$00000004)
    Reset_Handler                            0x00000149   Thumb Code    12  startup_mkl25z4.o(.text)
    NMI_Handler                              0x00000155   Thumb Code     2  startup_mkl25z4.o(.text)
    HardFault_Handler                        0x00000157   Thumb Code     2  startup_mkl25z4.o(.text)
    SVC_Handler                              0x00000159   Thumb Code     2  startup_mkl25z4.o(.text)
    PendSV_Handler                           0x0000015b   Thumb Code     2  startup_mkl25z4.o(.text)
    SysTick_Handler                          0x0000015d   Thumb Code     2  startup_mkl25z4.o(.text)
    ADC0_IRQHandler                          0x0000015f   Thumb Code     0  startup_mkl25z4.o(.text)
    CMP0_IRQHandler                          0x0000015f   Thumb Code     0  startup_mkl25z4.o(.text)
    DAC0_IRQHandler                          0x0000015f   Thumb Code     0  startup_mkl25z4.o(.text)
    DMA0_IRQHandler                          0x0000015f   Thumb Code     0  startup_mkl25z4.o(.text)
    DMA1_IRQHandler                          0x0000015f   Thumb Code     0  startup_mkl25z4.o(.text)
    DMA2_IRQHandler                          0x0000015f   Thumb Code     0  startup_mkl25z4.o(.text)
    DMA3_IRQHandler                          0x0000015f   Thumb Code     0  startup_mkl25z4.o(.text)
    DefaultISR                               0x0000015f   Thumb Code     0  startup_mkl25z4.o(.text)
    FTFA_IRQHandler                          0x0000015f   Thumb Code     0  startup_mkl25z4.o(.text)
    I2C0_IRQHandler                          0x0000015f   Thumb Code     0  startup_mkl25z4.o(.text)
    I2C1_IRQHandler                          0x0000015f   Thumb Code     0  startup_mkl25z4.o(.text)
    LLWU_IRQHandler                          0x0000015f   Thumb Code     0  startup_mkl25z4.o(.text)
    LPTMR0_IRQHandler                        0x0000015f   Thumb Code     0  startup_mkl25z4.o(.text)
    LVD_LVW_IRQHandler                       0x0000015f   Thumb Code     0  startup_mkl25z4.o(.text)
    MCG_IRQHandler                           0x0000015f   Thumb Code     0  startup_mkl25z4.o(.text)
    PIT_IRQHandler                           0x0000015f   Thumb Code     0  startup_mkl25z4.o(.text)
    PORTA_IRQHandler                         0x0000015f   Thumb Code     0  startup_mkl25z4.o(.text)
    PORTD_IRQHandler                         0x0000015f   Thumb Code     0  startup_mkl25z4.o(.text)
    RTC_IRQHandler                           0x0000015f   Thumb Code     0  startup_mkl25z4.o(.text)
    RTC_Seconds_IRQHandler                   0x0000015f   Thumb Code     0  startup_mkl25z4.o(.text)
    Reserved20_IRQHandler                    0x0000015f   Thumb Code     0  startup_mkl25z4.o(.text)
    Reserved39_IRQHandler                    0x0000015f   Thumb Code     0  startup_mkl25z4.o(.text)
    Reserved45_IRQHandler                    0x0000015f   Thumb Code     0  startup_mkl25z4.o(.text)
    SPI0_IRQHandler                          0x0000015f   Thumb Code     0  startup_mkl25z4.o(.text)
    SPI1_IRQHandler                          0x0000015f   Thumb Code     0  startup_mkl25z4.o(.text)
    TPM0_IRQHandler                          0x0000015f   Thumb Code     0  startup_mkl25z4.o(.text)
    TPM1_IRQHandler                          0x0000015f   Thumb Code     0  startup_mkl25z4.o(.text)
    TPM2_IRQHandler                          0x0000015f   Thumb Code     0  startup_mkl25z4.o(.text)
    TSI0_IRQHandler                          0x0000015f   Thumb Code     0  startup_mkl25z4.o(.text)
    UART0_IRQHandler                         0x0000015f   Thumb Code     0  startup_mkl25z4.o(.text)
    UART1_IRQHandler                         0x0000015f   Thumb Code     0  startup_mkl25z4.o(.text)
    UART2_IRQHandler                         0x0000015f   Thumb Code     0  startup_mkl25z4.o(.text)
    USB0_IRQHandler                          0x0000015f   Thumb Code     0  startup_mkl25z4.o(.text)
    __user_initial_stackheap                 0x00000165   Thumb Code     0  startup_mkl25z4.o(.text)
    arm_mat_init_f32                         0x00000189   Thumb Code     8  arm_mat_init_f32.o(.text)
    arm_mat_trans_f32                        0x00000191   Thumb Code   132  arm_mat_trans_f32.o(.text)
    __use_two_region_memory                  0x00000215   Thumb Code     2  heapauxi.o(.text)
    __rt_heap_escrow$2region                 0x00000217   Thumb Code     2  heapauxi.o(.text)
    __rt_heap_expand$2region                 0x00000219   Thumb Code     2  heapauxi.o(.text)
    __aeabi_fdiv                             0x0000021d   Thumb Code     0  fdiv.o(.text)
    _fdiv                                    0x0000021d   Thumb Code   334  fdiv.o(.text)
    _frdiv                                   0x0000036b   Thumb Code     8  fdiv.o(.text)
    __read_errno                             0x0000037d   Thumb Code    10  _rserrno.o(.text)
    __set_errno                              0x00000387   Thumb Code    12  _rserrno.o(.text)
    __fpl_fcmp_InfNaN                        0x00000395   Thumb Code    96  fcmpin.o(.text)
    __aeabi_errno_addr                       0x000003f9   Thumb Code     8  rt_errno_addr_intlibspace.o(.text)
    __errno$intlibspace                      0x000003f9   Thumb Code     0  rt_errno_addr_intlibspace.o(.text)
    __rt_errno_addr$intlibspace              0x000003f9   Thumb Code     0  rt_errno_addr_intlibspace.o(.text)
    _fsqrt                                   0x00000411   Thumb Code   140  fsqrt.o(.text)
    __fpl_cmpreturn                          0x000004a1   Thumb Code    46  cmpret.o(.text)
    __fpl_fcheck_NaN2                        0x000004d1   Thumb Code    10  fnan2.o(.text)
    __user_libspace                          0x000004e1   Thumb Code     8  libspace.o(.text)
    __user_perproc_libspace                  0x000004e1   Thumb Code     0  libspace.o(.text)
    __user_perthread_libspace                0x000004e1   Thumb Code     0  libspace.o(.text)
    __user_setup_stackheap                   0x000004e9   Thumb Code    62  sys_stackheap_outer.o(.text)
    exit                                     0x00000527   Thumb Code    16  exit.o(.text)
    __fpl_return_NaN                         0x00000537   Thumb Code    94  retnan.o(.text)
    _sys_exit                                0x00000595   Thumb Code     8  sys_exit.o(.text)
    __I$use$semihosting                      0x000005a1   Thumb Code     0  use_no_semi.o(.text)
    __use_no_semihosting_swi                 0x000005a1   Thumb Code     2  use_no_semi.o(.text)
    __decompress                             0x000005a3   Thumb Code     0  __dczerorl2.o(.text)
    __decompress1                            0x000005a3   Thumb Code    86  __dczerorl2.o(.text)
    __semihosting_library_function           0x000005a3   Thumb Code     0  indicate_semi.o(.text)
    SystemInit                               0x000005f9   Thumb Code     8  system_mkl25z4.o(i.SystemInit)
    kalmanGetSensors                         0x00000605   Thumb Code    40  kalman.o(i.kalmanGetSensors)
    kalmanInit                               0x00000631   Thumb Code   328  kalman.o(i.kalmanInit)
    kalmanInitializeStateVec                 0x00000849   Thumb Code   466  kalman.o(i.kalmanInitializeStateVec)
    main                                     0x00000a25   Thumb Code    10  main.o(i.main)
    sqrtf                                    0x00000a2f   Thumb Code    44  sqrtf.o(i.sqrtf)
    __aeabi_fadd                             0x00000a5d   Thumb Code     0  faddsub.o(x$fpl$fadd)
    _fadd                                    0x00000a5d   Thumb Code   134  faddsub.o(x$fpl$fadd)
    __aeabi_fmul                             0x00000ae9   Thumb Code     0  fmul.o(x$fpl$fmul)
    _fmul                                    0x00000ae9   Thumb Code   172  fmul.o(x$fpl$fmul)
    __aeabi_cfrcmple                         0x00000b99   Thumb Code     0  frlef.o(x$fpl$frleqf)
    _frcmple                                 0x00000b99   Thumb Code    84  frlef.o(x$fpl$frleqf)
    __aeabi_fsub                             0x00000bf1   Thumb Code     0  faddsub.o(x$fpl$fsub)
    _fsub                                    0x00000bf1   Thumb Code   204  faddsub.o(x$fpl$fsub)
    __I$use$fp                               0x00000cc0   Number         0  usenofp.o(x$fpl$usenofp)
    Region$$Table$$Base                      0x00000d00   Number         0  anon$$obj.o(Region$$Table)
    Region$$Table$$Limit                     0x00000d20   Number         0  anon$$obj.o(Region$$Table)
    sampleTime                               0x1ffff000   Data           4  kalman.o(.data)
    I1                                       0x1ffff004   Data           4  kalman.o(.data)
    I2                                       0x1ffff008   Data           4  kalman.o(.data)
    I3                                       0x1ffff00c   Data           4  kalman.o(.data)
    X_k                                      0x1ffff010   Data           8  kalman.o(.data)
    X_t1_k                                   0x1ffff018   Data           8  kalman.o(.data)
    X_t2_k                                   0x1ffff020   Data           8  kalman.o(.data)
    X_ap_k                                   0x1ffff028   Data           8  kalman.o(.data)
    Z_k                                      0x1ffff030   Data           8  kalman.o(.data)
    Y_k                                      0x1ffff038   Data           8  kalman.o(.data)
    Qph1_k                                   0x1ffff040   Data           8  kalman.o(.data)
    Qph1_k_data                              0x1ffff048   Data         256  kalman.o(.data)
    Rph1_k                                   0x1ffff148   Data           8  kalman.o(.data)
    Rph1_k_data                              0x1ffff150   Data         144  kalman.o(.data)
    Qph2_k                                   0x1ffff1e0   Data           8  kalman.o(.data)
    Qph2_k_data                              0x1ffff1e8   Data         256  kalman.o(.data)
    Rph2_k                                   0x1ffff2e8   Data           8  kalman.o(.data)
    Rph2_k_data                              0x1ffff2f0   Data         256  kalman.o(.data)
    A_k                                      0x1ffff3f0   Data           8  kalman.o(.data)
    A_k_data                                 0x1ffff3f8   Data         256  kalman.o(.data)
    A_k_t                                    0x1ffff4f8   Data           8  kalman.o(.data)
    H_k                                      0x1ffff500   Data           8  kalman.o(.data)
    H_k_data                                 0x1ffff508   Data         192  kalman.o(.data)
    H_k_t                                    0x1ffff5c8   Data           8  kalman.o(.data)
    P_k                                      0x1ffff5d0   Data           8  kalman.o(.data)
    P_k_data                                 0x1ffff5d8   Data         256  kalman.o(.data)
    P_ap_k                                   0x1ffff6d8   Data           8  kalman.o(.data)
    P_ap_k_data                              0x1ffff6e0   Data         256  kalman.o(.data)
    Kg_k                                     0x1ffff7e0   Data           8  kalman.o(.data)
    S_k                                      0x1ffff7e8   Data           8  kalman.o(.data)
    S_k_data                                 0x1ffff7f0   Data         144  kalman.o(.data)
    V_k                                      0x1ffff880   Data           8  kalman.o(.data)
    V_k_data                                 0x1ffff888   Data         144  kalman.o(.data)
    V_k_t                                    0x1ffff918   Data           8  kalman.o(.data)
    W_k                                      0x1ffff920   Data           8  kalman.o(.data)
    W_k_data                                 0x1ffff928   Data         256  kalman.o(.data)
    W_k_t                                    0x1ffffa28   Data           8  kalman.o(.data)
    Temp_1                                   0x1ffffa30   Data           8  kalman.o(.data)
    Temp_1_data                              0x1ffffa38   Data         256  kalman.o(.data)
    Temp_2                                   0x1ffffb38   Data           8  kalman.o(.data)
    Temp_2_data                              0x1ffffb40   Data         256  kalman.o(.data)
    Temp_3                                   0x1ffffc40   Data           8  kalman.o(.data)
    Temp_3_data                              0x1ffffc48   Data         256  kalman.o(.data)
    Temp_4                                   0x1ffffd48   Data           8  kalman.o(.data)
    Temp_4_data                              0x1ffffd50   Data         192  kalman.o(.data)
    Temp_5                                   0x1ffffe10   Data           8  kalman.o(.data)
    Temp_5_data                              0x1ffffe18   Data         144  kalman.o(.data)
    Temp_6                                   0x1ffffea8   Data           8  kalman.o(.data)
    Temp_6_data                              0x1ffffeb0   Data         144  kalman.o(.data)
    Temp_7                                   0x1fffff40   Data           8  kalman.o(.data)
    Temp_7_data                              0x1fffff48   Data         144  kalman.o(.data)
    X_k_data                                 0x1fffffd8   Data          32  kalman.o(.bss)
    X_t1_k_data                              0x1ffffff8   Data          32  kalman.o(.bss)
    X_t2_k_data                              0x20000018   Data          32  kalman.o(.bss)
    X_ap_k_data                              0x20000038   Data          32  kalman.o(.bss)
    Z_k_data                                 0x20000058   Data          24  kalman.o(.bss)
    Y_k_data                                 0x20000070   Data          24  kalman.o(.bss)
    A_k_t_data                               0x20000088   Data         256  kalman.o(.bss)
    H_k_t_data                               0x20000188   Data         192  kalman.o(.bss)
    Kg_k_data                                0x20000248   Data         192  kalman.o(.bss)
    V_k_t_data                               0x20000308   Data         144  kalman.o(.bss)
    W_k_t_data                               0x20000398   Data         256  kalman.o(.bss)
    __libspace_start                         0x20000498   Data          96  libspace.o(.bss)
    __temporary_stack_top$libspace           0x200004f8   Data           0  libspace.o(.bss)



==============================================================================

Memory Map of the image

  Image Entry point : 0x00000149

  Load Region LR_1 (Base: 0x00000000, Size: 0x00001cf8, Max: 0xffffffff, ABSOLUTE, COMPRESSED[0x00000dec])

    Execution Region ER_RO (Base: 0x00000000, Size: 0x00000d20, Max: 0xffffffff, ABSOLUTE)

    Base Addr    Size         Type   Attr      Idx    E Section Name        Object

    0x00000000   0x000000c0   Data   RO          134    RESET               startup_mkl25z4.o
    0x000000c0   0x00000008   Code   RO          326  * !!!main             c_p.l(__main.o)
    0x000000c8   0x0000003c   Code   RO          536    !!!scatter          c_p.l(__scatter.o)
    0x00000104   0x0000001c   Code   RO          538    !!handler_zi        c_p.l(__scatter_zi.o)
    0x00000120   0x00000002   Code   RO          404    .ARM.Collect$$libinit$$00000000  c_p.l(libinit.o)
    0x00000122   0x00000000   Code   RO          417    .ARM.Collect$$libinit$$00000002  c_p.l(libinit2.o)
    0x00000122   0x00000000   Code   RO          419    .ARM.Collect$$libinit$$00000004  c_p.l(libinit2.o)
    0x00000122   0x00000000   Code   RO          422    .ARM.Collect$$libinit$$0000000A  c_p.l(libinit2.o)
    0x00000122   0x00000000   Code   RO          424    .ARM.Collect$$libinit$$0000000C  c_p.l(libinit2.o)
    0x00000122   0x00000000   Code   RO          426    .ARM.Collect$$libinit$$0000000E  c_p.l(libinit2.o)
    0x00000122   0x00000000   Code   RO          429    .ARM.Collect$$libinit$$00000011  c_p.l(libinit2.o)
    0x00000122   0x00000000   Code   RO          431    .ARM.Collect$$libinit$$00000013  c_p.l(libinit2.o)
    0x00000122   0x00000000   Code   RO          433    .ARM.Collect$$libinit$$00000015  c_p.l(libinit2.o)
    0x00000122   0x00000000   Code   RO          435    .ARM.Collect$$libinit$$00000017  c_p.l(libinit2.o)
    0x00000122   0x00000000   Code   RO          437    .ARM.Collect$$libinit$$00000019  c_p.l(libinit2.o)
    0x00000122   0x00000000   Code   RO          439    .ARM.Collect$$libinit$$0000001B  c_p.l(libinit2.o)
    0x00000122   0x00000000   Code   RO          441    .ARM.Collect$$libinit$$0000001D  c_p.l(libinit2.o)
    0x00000122   0x00000000   Code   RO          443    .ARM.Collect$$libinit$$0000001F  c_p.l(libinit2.o)
    0x00000122   0x00000000   Code   RO          445    .ARM.Collect$$libinit$$00000021  c_p.l(libinit2.o)
    0x00000122   0x00000000   Code   RO          447    .ARM.Collect$$libinit$$00000023  c_p.l(libinit2.o)
    0x00000122   0x00000000   Code   RO          449    .ARM.Collect$$libinit$$00000025  c_p.l(libinit2.o)
    0x00000122   0x00000000   Code   RO          453    .ARM.Collect$$libinit$$0000002C  c_p.l(libinit2.o)
    0x00000122   0x00000000   Code   RO          455    .ARM.Collect$$libinit$$0000002E  c_p.l(libinit2.o)
    0x00000122   0x00000000   Code   RO          457    .ARM.Collect$$libinit$$00000030  c_p.l(libinit2.o)
    0x00000122   0x00000000   Code   RO          459    .ARM.Collect$$libinit$$00000032  c_p.l(libinit2.o)
    0x00000122   0x00000002   Code   RO          460    .ARM.Collect$$libinit$$00000033  c_p.l(libinit2.o)
    0x00000124   0x00000002   Code   RO          491    .ARM.Collect$$libshutdown$$00000000  c_p.l(libshutdown.o)
    0x00000126   0x00000000   Code   RO          517    .ARM.Collect$$libshutdown$$00000002  c_p.l(libshutdown2.o)
    0x00000126   0x00000000   Code   RO          519    .ARM.Collect$$libshutdown$$00000004  c_p.l(libshutdown2.o)
    0x00000126   0x00000000   Code   RO          522    .ARM.Collect$$libshutdown$$00000007  c_p.l(libshutdown2.o)
    0x00000126   0x00000000   Code   RO          525    .ARM.Collect$$libshutdown$$0000000A  c_p.l(libshutdown2.o)
    0x00000126   0x00000000   Code   RO          527    .ARM.Collect$$libshutdown$$0000000C  c_p.l(libshutdown2.o)
    0x00000126   0x00000000   Code   RO          530    .ARM.Collect$$libshutdown$$0000000F  c_p.l(libshutdown2.o)
    0x00000126   0x00000002   Code   RO          531    .ARM.Collect$$libshutdown$$00000010  c_p.l(libshutdown2.o)
    0x00000128   0x00000000   Code   RO          349    .ARM.Collect$$rtentry$$00000000  c_p.l(__rtentry.o)
    0x00000128   0x00000000   Code   RO          362    .ARM.Collect$$rtentry$$00000002  c_p.l(__rtentry2.o)
    0x00000128   0x00000006   Code   RO          374    .ARM.Collect$$rtentry$$00000004  c_p.l(__rtentry4.o)
    0x0000012e   0x00000000   Code   RO          364    .ARM.Collect$$rtentry$$00000009  c_p.l(__rtentry2.o)
    0x0000012e   0x00000004   Code   RO          365    .ARM.Collect$$rtentry$$0000000A  c_p.l(__rtentry2.o)
    0x00000132   0x00000000   Code   RO          367    .ARM.Collect$$rtentry$$0000000C  c_p.l(__rtentry2.o)
    0x00000132   0x00000008   Code   RO          368    .ARM.Collect$$rtentry$$0000000D  c_p.l(__rtentry2.o)
    0x0000013a   0x00000002   Code   RO          408    .ARM.Collect$$rtexit$$00000000  c_p.l(rtexit.o)
    0x0000013c   0x00000000   Code   RO          464    .ARM.Collect$$rtexit$$00000002  c_p.l(rtexit2.o)
    0x0000013c   0x00000004   Code   RO          465    .ARM.Collect$$rtexit$$00000003  c_p.l(rtexit2.o)
    0x00000140   0x00000006   Code   RO          466    .ARM.Collect$$rtexit$$00000004  c_p.l(rtexit2.o)
    0x00000146   0x00000002   PAD
    0x00000148   0x00000040   Code   RO          136  * .text               startup_mkl25z4.o
    0x00000188   0x00000008   Code   RO          220    .text               arm_cortexM0l_math.lib(arm_mat_init_f32.o)
    0x00000190   0x00000084   Code   RO          300    .text               arm_cortexM0l_math.lib(arm_mat_trans_f32.o)
    0x00000214   0x00000006   Code   RO          324    .text               c_p.l(heapauxi.o)
    0x0000021a   0x00000002   PAD
    0x0000021c   0x00000160   Code   RO          334    .text               fz_ps.l(fdiv.o)
    0x0000037c   0x00000016   Code   RO          354    .text               c_p.l(_rserrno.o)
    0x00000392   0x00000002   PAD
    0x00000394   0x00000064   Code   RO          356    .text               fz_ps.l(fcmpin.o)
    0x000003f8   0x00000008   Code   RO          381    .text               c_p.l(rt_errno_addr_intlibspace.o)
    0x00000400   0x00000010   Code   RO          135    .ARM.__at_0x400     startup_mkl25z4.o
    0x00000410   0x00000090   Code   RO          358    .text               fz_ps.l(fsqrt.o)
    0x000004a0   0x0000002e   Code   RO          383    .text               fz_ps.l(cmpret.o)
    0x000004ce   0x00000002   PAD
    0x000004d0   0x00000010   Code   RO          385    .text               fz_ps.l(fnan2.o)
    0x000004e0   0x00000008   Code   RO          387    .text               c_p.l(libspace.o)
    0x000004e8   0x0000003e   Code   RO          390    .text               c_p.l(sys_stackheap_outer.o)
    0x00000526   0x00000010   Code   RO          393    .text               c_p.l(exit.o)
    0x00000536   0x0000005e   Code   RO          405    .text               fz_ps.l(retnan.o)
    0x00000594   0x0000000c   Code   RO          461    .text               c_p.l(sys_exit.o)
    0x000005a0   0x00000002   Code   RO          480    .text               c_p.l(use_no_semi.o)
    0x000005a2   0x00000000   Code   RO          482    .text               c_p.l(indicate_semi.o)
    0x000005a2   0x00000056   Code   RO          534    .text               c_p.l(__dczerorl2.o)
    0x000005f8   0x0000000c   Code   RO          145    i.SystemInit        system_mkl25z4.o
    0x00000604   0x0000002c   Code   RO            6    i.kalmanGetSensors  kalman.o
    0x00000630   0x00000218   Code   RO            7    i.kalmanInit        kalman.o
    0x00000848   0x000001dc   Code   RO            8    i.kalmanInitializeStateVec  kalman.o
    0x00000a24   0x0000000a   Code   RO           97    i.main              main.o
    0x00000a2e   0x0000002c   Code   RO          342    i.sqrtf             m_ps.l(sqrtf.o)
    0x00000a5a   0x00000002   PAD
    0x00000a5c   0x0000008c   Code   RO          328    x$fpl$fadd          fz_ps.l(faddsub.o)
    0x00000ae8   0x000000b0   Code   RO          337    x$fpl$fmul          fz_ps.l(fmul.o)
    0x00000b98   0x00000058   Code   RO          339    x$fpl$frleqf        fz_ps.l(frlef.o)
    0x00000bf0   0x000000d0   Code   RO          330    x$fpl$fsub          fz_ps.l(faddsub.o)
    0x00000cc0   0x00000000   Code   RO          360    x$fpl$usenofp       fz_ps.l(usenofp.o)
    0x00000cc0   0x00000040   Data   RO          335    .constdata          fz_ps.l(fdiv.o)
    0x00000d00   0x00000020   Data   RO          532    Region$$Table       anon$$obj.o


    Execution Region ER_RW (Base: 0x1ffff000, Size: 0x00000fd8, Max: 0xffffffff, ABSOLUTE, COMPRESSED[0x000000cc])

    Base Addr    Size         Type   Attr      Idx    E Section Name        Object

    0x1ffff000   0x00000fd8   Data   RW           12    .data               kalman.o


    Execution Region ER_ZI (Base: 0x1fffffd8, Size: 0x00000620, Max: 0xffffffff, ABSOLUTE)

    Base Addr    Size         Type   Attr      Idx    E Section Name        Object

    0x1fffffd8   0x000004c0   Zero   RW           11    .bss                kalman.o
    0x20000498   0x00000060   Zero   RW          388    .bss                c_p.l(libspace.o)
    0x200004f8   0x00000000   Zero   RW          133    HEAP                startup_mkl25z4.o
    0x200004f8   0x00000100   Zero   RW          132    STACK               startup_mkl25z4.o


==============================================================================

Image component sizes


      Code (inc. data)   RO Data    RW Data    ZI Data      Debug   Object Name

      1056        222          0       4056       1216      26174   kalman.o
        10          0          0          0          0        387   main.o
        80         44        192          0        256        844   startup_mkl25z4.o
        12          4          0          0          0        421   system_mkl25z4.o

    ----------------------------------------------------------------------
      1158        270        224       4056       1472      27826   Object Totals
         0          0         32          0          0          0   (incl. Generated)
         0          0          0          0          0          0   (incl. Padding)

    ----------------------------------------------------------------------

      Code (inc. data)   RO Data    RW Data    ZI Data      Debug   Library Member Name

         0          0          0          0          0      18172   arm_mat_add_f32.o
         8          0          0          0          0        943   arm_mat_init_f32.o
       132          0          0          0          0       1880   arm_mat_trans_f32.o
        86          0          0          0          0          0   __dczerorl2.o
         8          0          0          0          0         68   __main.o
         0          0          0          0          0          0   __rtentry.o
        12          0          0          0          0          0   __rtentry2.o
         6          0          0          0          0          0   __rtentry4.o
        60          8          0          0          0          0   __scatter.o
        28          0          0          0          0          0   __scatter_zi.o
        22          0          0          0          0         92   _rserrno.o
        16          0          0          0          0         68   exit.o
         6          0          0          0          0        136   heapauxi.o
         0          0          0          0          0          0   indicate_semi.o
         2          0          0          0          0          0   libinit.o
         2          0          0          0          0          0   libinit2.o
         2          0          0          0          0          0   libshutdown.o
         2          0          0          0          0          0   libshutdown2.o
         8          4          0          0         96         68   libspace.o
         8          4          0          0          0         68   rt_errno_addr_intlibspace.o
         2          0          0          0          0          0   rtexit.o
        10          0          0          0          0          0   rtexit2.o
        12          4          0          0          0         60   sys_exit.o
        62          0          0          0          0         80   sys_stackheap_outer.o
         2          0          0          0          0         68   use_no_semi.o
        46          0          0          0          0         60   cmpret.o
       348          8          0          0          0        160   faddsub.o
       100          4          0          0          0         68   fcmpin.o
       352         10         64          0          0         92   fdiv.o
       176          4          0          0          0         80   fmul.o
        16          6          0          0          0         68   fnan2.o
        88          4          0          0          0         76   frlef.o
       144          4          0          0          0         72   fsqrt.o
        94          0          0          0          0         68   retnan.o
         0          0          0          0          0          0   usenofp.o
        44          0          0          0          0         72   sqrtf.o

    ----------------------------------------------------------------------
      1914         60         64          0         96      22519   Library Totals
        10          0          0          0          0          0   (incl. Padding)

    ----------------------------------------------------------------------

      Code (inc. data)   RO Data    RW Data    ZI Data      Debug   Library Name

       140          0          0          0          0      20995   arm_cortexM0l_math.lib
       356         20          0          0         96        708   c_p.l
      1364         40         64          0          0        744   fz_ps.l
        44          0          0          0          0         72   m_ps.l

    ----------------------------------------------------------------------
      1914         60         64          0         96      22519   Library Totals

    ----------------------------------------------------------------------

==============================================================================


      Code (inc. data)   RO Data    RW Data    ZI Data      Debug   

      3072        330        288       4056       1568      49425   Grand Totals
      3072        330        288        204       1568      49425   ELF Image Totals (compressed)
      3072        330        288        204          0          0   ROM Totals

==============================================================================

    Total RO  Size (Code + RO Data)                 3360 (   3.28kB)
    Total RW  Size (RW Data + ZI Data)              5624 (   5.49kB)
    Total ROM Size (Code + RO Data + RW Data)       3564 (   3.48kB)

==============================================================================

